Microchip MPLAB XC8 Compiler V2.41

Linker command line:

-W-3 \
  --edf=C:\Program Files\Microchip\xc8\v2.41\pic\dat\20230208172133_en.msgs \
  -cn -h+dist/default/production\code.production.sym \
  --cmf=dist/default/production\code.production.cmf -z -Q18F4620 \
  -oC:\Users\Yossri\AppData\Local\Temp\xcBs4fk.1\driver_tmp_3.o \
  --defsym=__MPLAB_BUILD=1 --fixupoverflow=error \
  -Mdist/default/production/code.production.map \
  --md=C:\Users\Yossri\AppData\Local\Temp\xcBs4fk.1\driver_tmp_0.dat -E1 \
  -ver=XC8 Compiler --acfsm=1493 -ACODE=00h-0FFFFh -ACONST=00h-0FFFFh \
  -ASMALLCONST=01000h-010FFhx240 -AMEDIUMCONST=01000h-0FFFFh \
  -ACOMRAM=01h-07Fh -AABS1=00h-0F7Fh -ABIGRAM=01h-0F7Fh \
  -ARAM=080h-0FFh,0100h-01FFhx14,0F00h-0F7Fh -ABANK0=080h-0FFh \
  -ABANK1=0100h-01FFh -ABANK2=0200h-02FFh -ABANK3=0300h-03FFh \
  -ABANK4=0400h-04FFh -ABANK5=0500h-05FFh -ABANK6=0600h-06FFh \
  -ABANK7=0700h-07FFh -ABANK8=0800h-08FFh -ABANK9=0900h-09FFh \
  -ABANK10=0A00h-0AFFh -ABANK11=0B00h-0BFFh -ABANK12=0C00h-0CFFh \
  -ABANK13=0D00h-0DFFh -ABANK14=0E00h-0EFFh -ABANK15=0F00h-0F7Fh \
  -ASFR=0F80h-0FFFh -ABIGSFR=0F80h-0FFFh -ACONFIG=0300000h-030000Dh \
  -AIDLOC=0200000h-0200007h -AEEDATA=0F00000h-0F003FFh -peeprom_data=EEDATA \
  -preset_vec=00h,intcode=08h,intcodelo,powerup,init -pramtop=01000h \
  -psmallconst=SMALLCONST -pmediumconst=MEDIUMCONST -pconst=CONST \
  -AFARRAM=00h-00h \
  -prdata=COMRAM,nvrram=COMRAM,nvbit=COMRAM,rbss=COMRAM,rbit=COMRAM \
  -pfarbss=FARRAM,fardata=FARRAM,nvFARRAM=FARRAM \
  -pintsave_regs=BIGRAM,bigbss=BIGRAM,bigdata=BIGRAM -pbss=RAM \
  -pidata=CODE,irdata=CODE,ibigdata=CODE,ifardata=CODE -prparam=COMRAM \
  C:\Users\Yossri\AppData\Local\Temp\xcBs4fk.1\driver_tmp_9.o \
  dist/default/production\code.production.o 

Object code version is 3.11

Machine type is 18F4620



                Name                               Link     Load   Length Selector   Space Scale
C:\Users\Yossri\AppData\Local\Temp\xcBs4fk.1\driver_tmp_9.o
                idloc                            200000   200000        8        0       5
                config                           300000   300000        E        0       4
                init                                  E        E        4        4       0
                reset_vec                             0        0        4        0       0
dist/default/production\code.production.o
                intcode                               8        8        6        4       0
                idloc                            200000   200000        8        0       5
                config                           300000   300000        E        0       4
                temp                                 7F       7F        1        1       1
                smallconst                         1000     1000       16      800       0
                text77                             5CC2     5CC2        2     2DC0       0
                text76                             5CBA     5CBA        4     2DC0       0
                text75                             5B28     5B28       30     2C92       0
                text74                             5CB6     5CB6        4     2DC0       0
                text73                             1A86     1A86      4C0      80B       0
                text72                             2F8E     2F8E      39A      80B       0
                text71                             27C8     27C8      42A      80B       0
                text70                             4762     4762      106      80B       0
                text69                             39F8     39F8      1B4      80B       0
                text68                             3BAC     3BAC      188      80B       0
                text67                             5608     5608       74      80B       0
                text66                             3328     3328      336      80B       0
                text65                             429E     429E      146      80B       0
                text64                             5260     5260       92      80B       0
                text63                             51CE     51CE       92      80B       0
                text62                             5AF4     5AF4       34     2C92       0
                text61                             5592     5592       76      80B       0
                text60                             5AC0     5AC0       34     2C92       0
                text59                             5A8C     5A8C       34     2C92       0
                text58                             5A58     5A58       34     2C92       0
                text57                             5CB2     5CB2        4     2DC0       0
                text56                             5CAE     5CAE        4     2DC0       0
                text55                             5C56     5C56       1A     2DC0       0
                text54                             5C3C     5C3C       1A     2DC0       0
                text53                             5C22     5C22       1A     2DC0       0
                text52                             5C08     5C08       1A     2DC0       0
                text51                             5C90     5C90        C     2DC0       0
                text50                             59E4     59E4       3C     2C92       0
                text49                             5C9C     5C9C        A     2DC0       0
                text48                             5CC0     5CC0        2     2DC0       0
                text47                             5C82     5C82        E     2DC0       0
                text46                             5CBE     5CBE        2     2DC0       0
                text45                             5CAA     5CAA        4     2DC0       0
                intcode_body                       1F46     1F46      456      80B       0
                text43                             4B1E     4B1E       CA      80B       0
                text42                             4A46     4A46       D8      80B       0
                text41                             4152     4152      14C      80B       0
                text40                             50A6     50A6       96      80B       0
                text39                             5010     5010       96      80B       0
                text38                             5882     5882       52      80B       0
                text37                             5BE6     5BE6       22     2DC0       0
                text36                             3FFA     3FFA      158      80B       0
                text35                             59A6     59A6       3E     2C92       0
                text34                             5490     5490       82      80B       0
                text33                             540E     540E       82      80B       0
                text32                             43E4     43E4      140      80B       0
                text31                             5380     5380       8E      80B       0
                text30                             5924     5924       42     2C92       0
                text29                             5BC4     5BC4       22     2DC0       0
                text28                             5BA2     5BA2       22     2DC0       0
                text27                             5B80     5B80       22     2DC0       0
                text26                             4BE8     4BE8       B8      80B       0
                text25                             4EBA     4EBA       AC      80B       0
                text24                             5A20     5A20       38     2C92       0
                text23                             57C4     57C4       64      80B       0
                text22                             3D34     3D34      168      80B       0
                text21                             5966     5966       40     2C92       0
                text20                             5512     5512       80      80B       0
                text19                             5828     5828       5A      80B       0
                text18                             4CA0     4CA0       B6      80B       0
                text17                             5760     5760       64      80B       0
                text16                             513C     513C       92      80B       0
                text15                             4F66     4F66       AA      80B       0
                text14                             56EE     56EE       72      80B       0
                text13                             3E9C     3E9C      15E      80B       0
                text12                             567C     567C       72      80B       0
                text11                             15C4     15C4      4C2      80B       0
                text10                             2BF2     2BF2      39C      80B       0
                text9                              239C     239C      42C      80B       0
                text8                              465A     465A      108      80B       0
                text7                              3840     3840      1B8      80B       0
                text6                              365E     365E      1E2      80B       0
                text5                              4524     4524      136      80B       0
                text4                              4868     4868       FC      80B       0
                text3                              52F2     52F2       8E      80B       0
                text2                              4E0A     4E0A       B0      80B       0
                text1                              4964     4964       E2      80B       0
                text0                              1016     1016      5AE      80B       0
                cstackCOMRAM                          1        1       77        1       1
                cstackBANK0                          80       80       2B       80       1
                cstackBANK1                         100      100       68      100       1
                cstackBANK2                         227      227       25      200       1
                dataBANK2                           200      200       27      200       1
                bssBANK2                            24C      24C        B      200       1
                dataBANK1                           168      168       4F      100       1
                bssBANK1                            1B7      1B7       47      100       1
                dataBANK0                            C3       C3       12       80       1
                bssBANK0                             AB       AB       18       80       1
                dataCOMRAM                           78       78        4        1       1
                bssCOMRAM                            7C       7C        3        1       1
                cinit                              4D56     4D56       B4      80B       0
                nvBANK1                             1FE      1FE        2      100       1
                idataBANK2                         5B58     5B58       27     2C92       0
                idataBANK1                         58D4     58D4       4F      80B       0
                idataBANK0                         5C70     5C70       12     2DC0       0
                idataCOMRAM                        5CA6     5CA6        4     2DC0       0

TOTAL           Name                               Link     Load   Length     Space
        CLASS   CODE           
                intcode                               8        8        6         0
                init                                  E        E        4         0
                reset_vec                             0        0        4         0
                text77                             5CC2     5CC2        2         0
                text76                             5CBA     5CBA        4         0
                text75                             5B28     5B28       30         0
                text74                             5CB6     5CB6        4         0
                text73                             1A86     1A86      4C0         0
                text72                             2F8E     2F8E      39A         0
                text71                             27C8     27C8      42A         0
                text70                             4762     4762      106         0
                text69                             39F8     39F8      1B4         0
                text68                             3BAC     3BAC      188         0
                text67                             5608     5608       74         0
                text66                             3328     3328      336         0
                text65                             429E     429E      146         0
                text64                             5260     5260       92         0
                text63                             51CE     51CE       92         0
                text62                             5AF4     5AF4       34         0
                text61                             5592     5592       76         0
                text60                             5AC0     5AC0       34         0
                text59                             5A8C     5A8C       34         0
                text58                             5A58     5A58       34         0
                text57                             5CB2     5CB2        4         0
                text56                             5CAE     5CAE        4         0
                text55                             5C56     5C56       1A         0
                text54                             5C3C     5C3C       1A         0
                text53                             5C22     5C22       1A         0
                text52                             5C08     5C08       1A         0
                text51                             5C90     5C90        C         0
                text50                             59E4     59E4       3C         0
                text49                             5C9C     5C9C        A         0
                text48                             5CC0     5CC0        2         0
                text47                             5C82     5C82        E         0
                text46                             5CBE     5CBE        2         0
                text45                             5CAA     5CAA        4         0
                intcode_body                       1F46     1F46      456         0
                text43                             4B1E     4B1E       CA         0
                text42                             4A46     4A46       D8         0
                text41                             4152     4152      14C         0
                text40                             50A6     50A6       96         0
                text39                             5010     5010       96         0
                text38                             5882     5882       52         0
                text37                             5BE6     5BE6       22         0
                text36                             3FFA     3FFA      158         0
                text35                             59A6     59A6       3E         0
                text34                             5490     5490       82         0
                text33                             540E     540E       82         0
                text32                             43E4     43E4      140         0
                text31                             5380     5380       8E         0
                text30                             5924     5924       42         0
                text29                             5BC4     5BC4       22         0
                text28                             5BA2     5BA2       22         0
                text27                             5B80     5B80       22         0
                text26                             4BE8     4BE8       B8         0
                text25                             4EBA     4EBA       AC         0
                text24                             5A20     5A20       38         0
                text23                             57C4     57C4       64         0
                text22                             3D34     3D34      168         0
                text21                             5966     5966       40         0
                text20                             5512     5512       80         0
                text19                             5828     5828       5A         0
                text18                             4CA0     4CA0       B6         0
                text17                             5760     5760       64         0
                text16                             513C     513C       92         0
                text15                             4F66     4F66       AA         0
                text14                             56EE     56EE       72         0
                text13                             3E9C     3E9C      15E         0
                text12                             567C     567C       72         0
                text11                             15C4     15C4      4C2         0
                text10                             2BF2     2BF2      39C         0
                text9                              239C     239C      42C         0
                text8                              465A     465A      108         0
                text7                              3840     3840      1B8         0
                text6                              365E     365E      1E2         0
                text5                              4524     4524      136         0
                text4                              4868     4868       FC         0
                text3                              52F2     52F2       8E         0
                text2                              4E0A     4E0A       B0         0
                text1                              4964     4964       E2         0
                text0                              1016     1016      5AE         0
                cinit                              4D56     4D56       B4         0
                idataBANK2                         5B58     5B58       27         0
                idataBANK1                         58D4     58D4       4F         0
                idataBANK0                         5C70     5C70       12         0
                idataCOMRAM                        5CA6     5CA6        4         0

        CLASS   CONST          

        CLASS   SMALLCONST     
                smallconst                         1000     1000       16         0

        CLASS   MEDIUMCONST    

        CLASS   COMRAM         
                temp                                 7F       7F        1         1
                cstackCOMRAM                          1        1       77         1
                dataCOMRAM                           78       78        4         1
                bssCOMRAM                            7C       7C        3         1

        CLASS   ABS1           

        CLASS   BIGRAM         

        CLASS   RAM            

        CLASS   BANK0          
                cstackBANK0                          80       80       2B         1
                dataBANK0                            C3       C3       12         1
                bssBANK0                             AB       AB       18         1

        CLASS   BANK1          
                cstackBANK1                         100      100       68         1
                dataBANK1                           168      168       4F         1
                bssBANK1                            1B7      1B7       47         1
                nvBANK1                             1FE      1FE        2         1

        CLASS   BANK2          
                cstackBANK2                         227      227       25         1
                dataBANK2                           200      200       27         1
                bssBANK2                            24C      24C        B         1

        CLASS   BANK3          

        CLASS   BANK4          

        CLASS   BANK5          

        CLASS   BANK6          

        CLASS   BANK7          

        CLASS   BANK8          

        CLASS   BANK9          

        CLASS   BANK10         

        CLASS   BANK11         

        CLASS   BANK12         

        CLASS   BANK13         

        CLASS   BANK14         

        CLASS   BANK15         

        CLASS   SFR            

        CLASS   BIGSFR         

        CLASS   CONFIG         
                config                           300000   300000        E         4

        CLASS   IDLOC          
                idloc                            200000   200000        8         5

        CLASS   EEDATA         

        CLASS   FARRAM         

        CLASS   HEAP           

        CLASS   STACK          



SEGMENTS        Name                           Load    Length   Top    Selector   Space  Class

                reset_vec                      000000  000004  000004         0       0  CODE    
                cstackCOMRAM                   000001  00007F  000080         1       1  COMRAM  
                intcode                        000008  00000A  000012         4       0  CODE    
                cstackBANK0                    000080  000055  0000D5        80       1  BANK0   
                cstackBANK1                    000100  000100  000200       100       1  BANK1   
                dataBANK2                      000200  000057  000257       200       1  BANK2   
                smallconst                     001000  000016  001016       800       0  SMALLCON
                text0                          001016  00490D  005923       80B       0  CODE    
                text30                         005924  00025B  005B7F      2C92       0  CODE    
                text27                         005B80  000144  005CC4      2DC0       0  CODE    


UNUSED ADDRESS RANGES

        Name                Unused          Largest block    Delta
        BANK0            0000D5-0000FF               2B
        BANK10           000A00-000AFF              100
        BANK11           000B00-000BFF              100
        BANK12           000C00-000CFF              100
        BANK13           000D00-000DFF              100
        BANK14           000E00-000EFF              100
        BANK15           000F00-000F7F               80
        BANK2            000257-0002FF               A9
        BANK3            000300-0003FF              100
        BANK4            000400-0004FF              100
        BANK5            000500-0005FF              100
        BANK6            000600-0006FF              100
        BANK7            000700-0007FF              100
        BANK8            000800-0008FF              100
        BANK9            000900-0009FF              100
        BIGRAM           0000D5-0000FF               2B
                         000257-000F7F              D29
        BIGSFR           000F80-000FFF               80
        CODE             000004-000007                4
                         000012-000FFF              FEE
                         005923-005923                1
                         005B7F-005B7F                1
                         005CC4-00FFFF             A33C
        CONST            000004-000007                4
                         000012-000FFF              FEE
                         005923-005923                1
                         005B7F-005B7F                1
                         005CC4-00FFFF             A33C
        EEDATA           F00000-F003FF              400
        MEDIUMCONST      005923-005923                1
                         005B7F-005B7F                1
                         005CC4-00FFFF             A33C
        RAM              0000D5-0000FF               2B
                         000257-000F7F              100
        SFR              000F80-000FFF               80
        SMALLCONST       005923-005923                1
                         005B7F-005B7F                1
                         005CC4-00FFFF              100

                                  Symbol Table

?_Button_Initialize                                   cstackBANK1  00010A
?_Button_Read_Status                                  cstackBANK1  00010B
?_CCP_PWM_Set_Duty                                    cstackCOMRAM 00005B
?_CCP_PWM_Start                                       cstackCOMRAM 000001
?_CCP_intialize                                       cstackBANK1  000166
?_EXT_INTX_Intialize                                  cstackBANK1  00010E
?_GPIO_Pin_Direction_Intialize                        cstackBANK1  000100
?_GPIO_Pin_Intialize                                  cstackBANK1  00010B
?_GPIO_Pin_Read_Logic                                 cstackBANK1  000100
?_GPIO_Pin_Write_Logic                                cstackBANK1  000100
?_Interrupt_INTX_Clear_Flag                           cstackBANK1  000100
?_Interrupt_INTX_Disable                              cstackBANK1  000100
?_Interrupt_INTX_Edge_Intiat                          cstackBANK1  000100
?_Interrupt_INTX_Enable                               cstackBANK1  000100
?_Interrupt_INTX_Pin_Intiat                           cstackBANK1  00010A
?_Led_Intialize                                       cstackBANK1  00010F
?_Led_Turn_Off                                        cstackBANK1  00010B
?_Led_Turn_On                                         cstackBANK1  00010B
?_MSSP_SPI_Trancieve                                  cstackBANK1  000100
?_SPI_Init                                            cstackBANK1  000111
?_Set_INTX_Handler                                    cstackBANK1  000102
?_Timer0_Intialization                                cstackBANK1  000103
?_Timer2_Intialization                                cstackBANK1  000100
?___fladd                                             cstackBANK1  000140
?___fldiv                                             cstackBANK1  000127
?___flmul                                             cstackBANK1  00010E
?___fltol                                             cstackBANK1  000150
?___xxtofl                                            cstackBANK1  000100
?_servo_motor_intialize                               cstackBANK2  00022A
?i2_GPIO_Pin_Write_Logic                              cstackCOMRAM 000001
?i2_Led_Turn_Off                                      cstackCOMRAM 00000C
?i2_Led_Turn_On                                       cstackCOMRAM 00000C
?i2___fladd                                           cstackCOMRAM 000028
?i2___fldiv                                           cstackCOMRAM 00000F
?i2___flmul                                           cstackCOMRAM 000038
?i2___fltol                                           cstackCOMRAM 000051
?i2___xxtofl                                          cstackCOMRAM 000001
Button_Initialize@_button_                            cstackBANK1  00010A
Button_Initialize@ret                                 cstackBANK1  00010C
Button_Read_Status@_button_                           cstackBANK1  00010B
Button_Read_Status@btn_status                         cstackBANK1  00010D
Button_Read_Status@logic                              cstackBANK1  000112
Button_Read_Status@ret                                cstackBANK1  000110
CCP_Capture_Compare_Timer_Selection@_CCP_             cstackBANK1  000100
CCP_Compare_Mode_Config_@_CCP_                        cstackBANK1  000103
CCP_Interrupt_Config@_CCP_                            cstackBANK1  000100
CCP_PWM_Config@_CCP_                                  cstackBANK1  00015A
CCP_PWM_Set_Duty@_CCP_                                cstackCOMRAM 00005B
CCP_PWM_Set_Duty@_duty                                cstackCOMRAM 00005D
CCP_PWM_Set_Duty@l_duty_temp                          cstackCOMRAM 000069
CCP_PWM_Set_Duty@ret                                  cstackCOMRAM 000067
CCP_PWM_Start@_CCP_                                   cstackCOMRAM 000001
CCP_PWM_Start@ret                                     cstackCOMRAM 000004
CCP_capture_Mode_Config_@_CCP_                        cstackBANK1  000103
CCP_intialize@_CCP_                                   cstackBANK1  000166
CCP_intialize@ret                                     cstackBANK2  000228
EXT_INTX_Intialize@int_obj                            cstackBANK1  00010E
EXT_INTX_Intialize@ret                                cstackBANK1  000110
GPIO_Pin_Direction_Intialize@_Pin_Config_             cstackBANK1  000100
GPIO_Pin_Direction_Intialize@ret                      cstackBANK1  000108
GPIO_Pin_Intialize@_Pin_Config_                       cstackBANK1  00010B
GPIO_Pin_Intialize@ret                                cstackBANK1  00010D
GPIO_Pin_Read_Logic@Logic                             cstackBANK1  000102
GPIO_Pin_Read_Logic@_Pin_Config_                      cstackBANK1  000100
GPIO_Pin_Read_Logic@ret                               cstackBANK1  000109
GPIO_Pin_Write_Logic@Logic                            cstackBANK1  000102
GPIO_Pin_Write_Logic@_Pin_Config_                     cstackBANK1  000100
GPIO_Pin_Write_Logic@ret                              cstackBANK1  000109
Interrupt_INTX_Clear_Flag@int_obj                     cstackBANK1  000100
Interrupt_INTX_Clear_Flag@ret                         cstackBANK1  000104
Interrupt_INTX_Disable@int_obj                        cstackBANK1  000100
Interrupt_INTX_Disable@ret                            cstackBANK1  000104
Interrupt_INTX_Edge_Intiat@int_obj                    cstackBANK1  000100
Interrupt_INTX_Edge_Intiat@ret                        cstackBANK1  000104
Interrupt_INTX_Enable@int_obj                         cstackBANK1  000100
Interrupt_INTX_Enable@ret                             cstackBANK1  000104
Interrupt_INTX_Pin_Intiat@int_obj                     cstackBANK1  00010A
Interrupt_INTX_Pin_Intiat@ret                         cstackBANK1  00010C
Led_Intialize@F2820                                   bssBANK0     0000C1
Led_Intialize@Led                                     cstackBANK1  00010F
Led_Intialize@_pin_config_                            cstackBANK1  000114
Led_Intialize@ret                                     cstackBANK1  000112
Led_Toggle@F2835                                      bssBANK0     0000BE
Led_Turn_Off@F2830                                    bssBANK0     0000BF
Led_Turn_Off@Led                                      cstackBANK1  00010B
Led_Turn_Off@_pin_config_                             cstackBANK1  000110
Led_Turn_Off@ret                                      cstackBANK1  00010E
Led_Turn_On@F2825                                     bssBANK0     0000C0
Led_Turn_On@Led                                       cstackBANK1  00010B
Led_Turn_On@_pin_config_                              cstackBANK1  000110
Led_Turn_On@ret                                       cstackBANK1  00010E
MSSP_SPI_Msster_Mode_GPIO_PIN_Configurations@F2864    dataBANK0    0000C9
MSSP_SPI_Msster_Mode_GPIO_PIN_Configurations@F2866    dataBANK0    0000C8
MSSP_SPI_Msster_Mode_GPIO_PIN_Configurations@F2868    dataBANK0    0000C7
MSSP_SPI_Msster_Mode_GPIO_PIN_Configurations@SPI_SCK  cstackBANK1  00010C
MSSP_SPI_Msster_Mode_GPIO_PIN_Configurations@SPI_SDI  cstackBANK1  00010B
MSSP_SPI_Msster_Mode_GPIO_PIN_Configurations@SPI_SDO  cstackBANK1  00010A
MSSP_SPI_Slave_Mode_GPIO_PIN_Configurations@F2873     dataBANK0    0000C6
MSSP_SPI_Slave_Mode_GPIO_PIN_Configurations@F2875     dataBANK0    0000C5
MSSP_SPI_Slave_Mode_GPIO_PIN_Configurations@F2877     dataBANK0    0000C4
MSSP_SPI_Slave_Mode_GPIO_PIN_Configurations@F2879     dataBANK0    0000C3
MSSP_SPI_Slave_Mode_GPIO_PIN_Configurations@SPI_SCK   cstackBANK1  00010F
MSSP_SPI_Slave_Mode_GPIO_PIN_Configurations@SPI_SDI   cstackBANK1  00010E
MSSP_SPI_Slave_Mode_GPIO_PIN_Configurations@SPI_SDO   cstackBANK1  00010D
MSSP_SPI_Slave_Mode_GPIO_PIN_Configurations@SPI_SS    cstackBANK1  000110
MSSP_SPI_Slave_Mode_GPIO_PIN_Configurations@_SPI_     cstackBANK1  00010A
MSSP_SPI_Trancieve@rec_data                           cstackBANK1  000100
MSSP_SPI_Trancieve@ret                                cstackBANK1  000103
MSSP_SPI_Trancieve@send_data                          cstackBANK1  000102
RB4_ISR@state                                         cstackCOMRAM 000001
RB5_ISR@state                                         cstackCOMRAM 000001
RB6_ISR@state                                         cstackCOMRAM 000001
RB7_ISR@state                                         cstackCOMRAM 000001
Relay_Intialize@F2818                                 bssBANK0     0000BD
Relay_Turn_Off@F2829                                  bssBANK0     0000BB
Relay_Turn_On@F2823                                   bssBANK0     0000BC
SPI_Init@_SPI_                                        cstackBANK1  000111
SPI_Init@ret                                          cstackBANK1  000114
Set_INT0_Handler@INTX_interruptHandler                cstackBANK1  000100
Set_INT1_Handler@INTX_interruptHandler                cstackBANK1  000100
Set_INT2_Handler@INTx_interruptHandler                cstackBANK1  000100
Set_INTX_Handler@int_obj                              cstackBANK1  000102
Set_INTX_Handler@ret                                  cstackBANK1  000106
Timer0_Bit_Mode_Select@timer0_                        cstackBANK1  000100
Timer0_Intialization@ret                              cstackBANK1  000107
Timer0_Intialization@timer0_                          cstackBANK1  000103
Timer0_Mode_Select@timer0_                            cstackBANK1  000100
Timer0_Prescaler_Config@timer0_                       cstackBANK1  000100
Timer0_Write_Value@timer0_                            cstackBANK1  000100
Timer0_Write_Value@value                              cstackBANK1  000102
Timer2_Intialization@ret                              cstackBANK1  000103
Timer2_Intialization@timer2_                          cstackBANK1  000100
_ADCON0bits                                           (abs)        000FC2
_ADCON1bits                                           (abs)        000FC1
_ADCON2bits                                           (abs)        000FC0
_ADC_ISR                                              text77       005CC2
_ADRESH                                               (abs)        000FC4
_ADRESL                                               (abs)        000FC3
_BAUDCONbits                                          (abs)        000FB8
_Button_Initialize                                    text35       0059A6
_Button_Read_Status                                   text42       004A46
_CCP1CONbits                                          (abs)        000FBD
_CCP1_ISR                                             text76       005CBA
_CCP1_IntterruptHandeler                              bssBANK1     0001EC
_CCP2CONbits                                          (abs)        000FBA
_CCP2_ISR                                             text75       005B28
_CCP2_IntterruptHandeler                              bssBANK0     0000B7
_CCPR1L                                               (abs)        000FBE
_CCPR2L                                               (abs)        000FBB
_CCP_Capture_Compare_Timer_Selection                  text14       0056EE
_CCP_Compare_Mode_Config_                             text13       003E9C
_CCP_Interrupt_Config                                 text12       00567C
_CCP_PWM_Config                                       text6        00365E
_CCP_PWM_Config$5875                                  cstackBANK1  00015E
_CCP_PWM_Config$5876                                  cstackBANK1  000162
_CCP_PWM_Set_Duty                                     text68       003BAC
_CCP_PWM_Set_Duty$6026                                cstackCOMRAM 000063
_CCP_PWM_Start                                        text67       005608
_CCP_capture_Mode_Config_                             text5        004524
_CCP_intialize                                        text4        004868
_CS                                                   (abs)        007C22
_Door_gate                                            bssBANK1     0001F9
_ECCP1ASbits                                          (abs)        000FB6
_ECCP_ISR                                             text74       005CB6
_ECCP_IntterruptHandeler_                             bssBANK1     0001EA
_EEADR                                                (abs)        000FA9
_EEADRH                                               (abs)        000FAA
_EECON1bits                                           (abs)        000FA6
_EECON2                                               (abs)        000FA7
_EEDATA                                               (abs)        000FA8
_EUSART_FRAMINGERRORDefaultHandler_                   bssBANK1     0001C8
_EUSART_OVERRUNERRORDefaultHandler_                   bssBANK1     0001C6
_EXT_INTX_Intialize                                   text25       004EBA
_GPIO_Pin_Direction_Intialize                         text36       003FFA
_GPIO_Pin_Intialize                                   text17       005760
_GPIO_Pin_Read_Logic                                  text43       004B1E
_GPIO_Pin_Write_Logic                                 text41       004152
_I2C_DefaultInterruptHandle                           bssBANK1     0001E6
_I2C_Report_Write_Collision_InterruptHandler          bssBANK1     0001E8
_INT0_ISR                                             text60       005AC0
_INT0_interruptHandler                                bssBANK0     0000B5
_INT1_ISR                                             text59       005A8C
_INT1_interruptHandler                                bssBANK0     0000B3
_INT2_ISR                                             text58       005A58
_INT2_interruptHandler                                bssBANK0     0000B1
_INTCON2bits                                          (abs)        000FF1
_INTCON3bits                                          (abs)        000FF0
_INTCONbits                                           (abs)        000FF2
_ISR_INT1                                             text61       005592
_ISR_INT2                                             text62       005AF4
_Int_1                                                dataBANK1    0001A2
_Int_2                                                dataBANK1    00019C
_InterruptManagerHigh                                 intcode      000008
_Interrupt_INTX_Clear_Flag                            text34       005490
_Interrupt_INTX_Disable                               text33       00540E
_Interrupt_INTX_Edge_Intiat                           text32       0043E4
_Interrupt_INTX_Enable                                text31       005380
_Interrupt_INTX_Pin_Intiat                            text30       005924
_Key_Pad_Array                                        smallconst   001001
_LATA                                                 (abs)        000F89
_LATB                                                 (abs)        000F8A
_LATC                                                 (abs)        000F8B
_LATD                                                 (abs)        000F8C
_LATE                                                 (abs)        000F8D
_Lat_Reg                                              dataBANK1    00017F
_Led_Intialize                                        text16       00513C
_Led_Turn_Off                                         text40       0050A6
_Led_Turn_On                                          text39       005010
_MSSP_I2C_BC_ISR                                      text57       005CB2
_MSSP_I2C_ISR                                         text56       005CAE
_MSSP_SPI_Msster_Mode_GPIO_PIN_Configurations         text24       005A20
_MSSP_SPI_Slave_Mode_GPIO_PIN_Configurations          text23       0057C4
_MSSP_SPI_Trancieve                                   text38       005882
_PIE1bits                                             (abs)        000F9D
_PIE2bits                                             (abs)        000FA0
_PIR1bits                                             (abs)        000F9E
_PIR2bits                                             (abs)        000FA1
_PORTA                                                (abs)        000F80
_PORTB                                                (abs)        000F81
_PORTBbits                                            (abs)        000F81
_PORTC                                                (abs)        000F82
_PORTD                                                (abs)        000F83
_PORTE                                                (abs)        000F84
_PR2                                                  (abs)        000FCB
_PWM1CONbits                                          (abs)        000FB7
_Port_Reg                                             dataBANK1    000175
_RB4_ISR                                              text55       005C56
_RB4_flag                                             dataCOMRAM   00007B
_RB4_interruptHandler_High                            bssBANK1     0001E2
_RB4_interruptHandler_Low                             bssBANK1     0001E0
_RB5_ISR                                              text54       005C3C
_RB5_flag                                             dataCOMRAM   00007A
_RB5_interruptHandler_High                            bssBANK1     0001DE
_RB5_interruptHandler_Low                             bssBANK1     0001DC
_RB6_ISR                                              text53       005C22
_RB6_flag                                             dataCOMRAM   000079
_RB6_interruptHandler_High                            bssBANK1     0001DA
_RB6_interruptHandler_Low                             bssBANK1     0001D8
_RB7_ISR                                              text52       005C08
_RB7_flag                                             dataCOMRAM   000078
_RB7_interruptHandler_High                            bssBANK1     0001D6
_RB7_interruptHandler_Low                             bssBANK1     0001D4
_RCREG                                                (abs)        000FAE
_RCSTAbits                                            (abs)        000FAB
_SPBRG                                                (abs)        000FAF
_SPBRGH                                               (abs)        000FB0
_SPI_Init                                             text22       003D34
_SSPADD                                               (abs)        000FC8
_SSPBUF                                               (abs)        000FC9
_SSPCON1bits                                          (abs)        000FC6
_SSPCON2bits                                          (abs)        000FC5
_SSPSTATbits                                          (abs)        000FC7
_Set_INT0_Handler                                     text29       005BC4
_Set_INT1_Handler                                     text28       005BA2
_Set_INT2_Handler                                     text27       005B80
_Set_INTX_Handler                                     text26       004BE8
_T0CONbits                                            (abs)        000FD5
_T1CONbits                                            (abs)        000FCD
_T2CONbits                                            (abs)        000FCA
_T3CONbits                                            (abs)        000FB1
_TIMER0_ISR                                           text50       0059E4
_TIMER0_IntterruptHandeler                            bssBANK0     0000AF
_TIMER1_ISR                                           text49       005C9C
_TIMER1_IntterruptHandeler                            bssBANK1     0001D2
_TIMER2_ISR                                           text48       005CC0
_TIMER3_ISR                                           text47       005C82
_TIMER3_InterruptHandler                              bssBANK1     0001CE
_TMR0H                                                (abs)        000FD7
_TMR0L                                                (abs)        000FD6
_TMR1H                                                (abs)        000FCF
_TMR1L                                                (abs)        000FCE
_TMR2                                                 (abs)        000FCC
_TMR3H                                                (abs)        000FB3
_TMR3L                                                (abs)        000FB2
_TRISA                                                (abs)        000F92
_TRISB                                                (abs)        000F93
_TRISC                                                (abs)        000F94
_TRISCbits                                            (abs)        000F94
_TRISD                                                (abs)        000F95
_TRISE                                                (abs)        000F96
_TXREG                                                (abs)        000FAD
_TXSTAbits                                            (abs)        000FAC
_Timer0_Bit_Mode_Select                               text21       005966
_Timer0_Intialization                                 text18       004CA0
_Timer0_Mode_Select                                   text20       005512
_Timer0_Prescaler_Config                              text19       005828
_Timer0_Write_Value                                   text37       005BE6
_Timer2_Intialization                                 text3        0052F2
_Tris_Reg                                             dataBANK1    000189
_USART_RX_ISR                                         text46       005CBE
_USART_RX_IntterruptHandeler_                         bssBANK1     0001CA
_USART_TX_ISR                                         text45       005CAA
_USART_TX_IntterruptHandeler_                         bssBANK1     0001CC
__HRAM                                                (abs)        000000
__H__absolute__                                       __absolute__ 000000
__Habs1                                               abs1         000000
__Hbank0                                              bank0        000000
__Hbank1                                              bank1        000000
__Hbank10                                             bank10       000000
__Hbank11                                             bank11       000000
__Hbank12                                             bank12       000000
__Hbank13                                             bank13       000000
__Hbank14                                             bank14       000000
__Hbank15                                             bank15       000000
__Hbank2                                              bank2        000000
__Hbank3                                              bank3        000000
__Hbank4                                              bank4        000000
__Hbank5                                              bank5        000000
__Hbank6                                              bank6        000000
__Hbank7                                              bank7        000000
__Hbank8                                              bank8        000000
__Hbank9                                              bank9        000000
__Hbigbss                                             bigbss       000000
__Hbigdata                                            bigdata      000000
__Hbigram                                             bigram       000000
__Hbigsfr                                             bigsfr       000000
__Hbss                                                bss          000000
__HbssBANK0                                           bssBANK0     000000
__HbssBANK1                                           bssBANK1     000000
__HbssBANK2                                           bssBANK2     000000
__HbssCOMRAM                                          bssCOMRAM    000000
__Hcinit                                              cinit        000000
__Hclrtext                                            clrtext      000000
__Hcomram                                             comram       000000
__Hconfig                                             config       30000E
__Hconst                                              const        000000
__HcstackBANK0                                        cstackBANK0  000000
__HcstackBANK1                                        cstackBANK1  000000
__HcstackBANK2                                        cstackBANK2  000000
__HcstackCOMRAM                                       cstackCOMRAM 000000
__Hdata                                               data         000000
__HdataBANK0                                          dataBANK0    000000
__HdataBANK1                                          dataBANK1    000000
__HdataBANK2                                          dataBANK2    000000
__HdataCOMRAM                                         dataCOMRAM   000000
__Heeprom_data                                        eeprom_data  000000
__Hfarbss                                             farbss       000000
__Hfardata                                            fardata      000000
__Hheap                                               heap         000000
__Hibigdata                                           ibigdata     000000
__Hidata                                              idata        000000
__HidataBANK0                                         idataBANK0   000000
__HidataBANK1                                         idataBANK1   000000
__HidataBANK2                                         idataBANK2   000000
__HidataCOMRAM                                        idataCOMRAM  000000
__Hidloc                                              idloc        200008
__Hifardata                                           ifardata     000000
__Hinit                                               init         000012
__Hintcode                                            intcode      00000E
__Hintcode_body                                       intcode_body 000000
__Hintcodelo                                          intcodelo    00000E
__Hintentry                                           intentry     000000
__Hintret                                             intret       000000
__Hintsave_regs                                       intsave_regs 000000
__Hirdata                                             irdata       000000
__Hmediumconst                                        mediumconst  000000
__HnvBANK1                                            nvBANK1      000000
__HnvFARRAM                                           nvFARRAM     000000
__Hnvbit                                              nvbit        000000
__Hnvrram                                             nvrram       000000
__Hparam                                              rparam       000000
__Hpowerup                                            powerup      00000E
__Hram                                                ram          000000
__Hramtop                                             ramtop       001000
__Hrbit                                               rbit         000000
__Hrbss                                               rbss         000000
__Hrdata                                              rdata        000000
__Hreset_vec                                          reset_vec    000004
__Hrparam                                             rparam       000000
__Hsfr                                                sfr          000000
__Hsmallconst                                         smallconst   001016
__Hspace_0                                            (abs)        005CC4
__Hspace_1                                            (abs)        000257
__Hspace_2                                            (abs)        000000
__Hspace_4                                            (abs)        60000E
__Hstack                                              stack        000000
__Hstruct                                             struct       000000
__Htemp                                               temp         000080
__Htext                                               text         000000
__Htext0                                              text0        000000
__Htext1                                              text1        000000
__Htext10                                             text10       000000
__Htext11                                             text11       000000
__Htext12                                             text12       000000
__Htext13                                             text13       000000
__Htext14                                             text14       000000
__Htext15                                             text15       000000
__Htext16                                             text16       000000
__Htext17                                             text17       000000
__Htext18                                             text18       000000
__Htext19                                             text19       000000
__Htext2                                              text2        000000
__Htext20                                             text20       000000
__Htext21                                             text21       000000
__Htext22                                             text22       000000
__Htext23                                             text23       000000
__Htext24                                             text24       000000
__Htext25                                             text25       000000
__Htext26                                             text26       000000
__Htext27                                             text27       000000
__Htext28                                             text28       000000
__Htext29                                             text29       000000
__Htext3                                              text3        000000
__Htext30                                             text30       000000
__Htext31                                             text31       000000
__Htext32                                             text32       000000
__Htext33                                             text33       000000
__Htext34                                             text34       000000
__Htext35                                             text35       000000
__Htext36                                             text36       000000
__Htext37                                             text37       000000
__Htext38                                             text38       000000
__Htext39                                             text39       000000
__Htext4                                              text4        000000
__Htext40                                             text40       000000
__Htext41                                             text41       000000
__Htext42                                             text42       000000
__Htext43                                             text43       000000
__Htext45                                             text45       000000
__Htext46                                             text46       000000
__Htext47                                             text47       000000
__Htext48                                             text48       000000
__Htext49                                             text49       000000
__Htext5                                              text5        000000
__Htext50                                             text50       000000
__Htext51                                             text51       000000
__Htext52                                             text52       000000
__Htext53                                             text53       000000
__Htext54                                             text54       000000
__Htext55                                             text55       000000
__Htext56                                             text56       000000
__Htext57                                             text57       000000
__Htext58                                             text58       000000
__Htext59                                             text59       000000
__Htext6                                              text6        000000
__Htext60                                             text60       000000
__Htext61                                             text61       000000
__Htext62                                             text62       000000
__Htext63                                             text63       000000
__Htext64                                             text64       000000
__Htext65                                             text65       000000
__Htext66                                             text66       000000
__Htext67                                             text67       000000
__Htext68                                             text68       000000
__Htext69                                             text69       000000
__Htext7                                              text7        000000
__Htext70                                             text70       000000
__Htext71                                             text71       000000
__Htext72                                             text72       000000
__Htext73                                             text73       000000
__Htext74                                             text74       000000
__Htext75                                             text75       000000
__Htext76                                             text76       000000
__Htext77                                             text77       000000
__Htext78                                             text78       000000
__Htext8                                              text8        000000
__Htext9                                              text9        000000
__LRAM                                                (abs)        000001
__L__absolute__                                       __absolute__ 000000
__Labs1                                               abs1         000000
__Lbank0                                              bank0        000000
__Lbank1                                              bank1        000000
__Lbank10                                             bank10       000000
__Lbank11                                             bank11       000000
__Lbank12                                             bank12       000000
__Lbank13                                             bank13       000000
__Lbank14                                             bank14       000000
__Lbank15                                             bank15       000000
__Lbank2                                              bank2        000000
__Lbank3                                              bank3        000000
__Lbank4                                              bank4        000000
__Lbank5                                              bank5        000000
__Lbank6                                              bank6        000000
__Lbank7                                              bank7        000000
__Lbank8                                              bank8        000000
__Lbank9                                              bank9        000000
__Lbigbss                                             bigbss       000000
__Lbigdata                                            bigdata      000000
__Lbigram                                             bigram       000000
__Lbigsfr                                             bigsfr       000000
__Lbss                                                bss          000000
__LbssBANK0                                           bssBANK0     000000
__LbssBANK1                                           bssBANK1     000000
__LbssBANK2                                           bssBANK2     000000
__LbssCOMRAM                                          bssCOMRAM    000000
__Lcinit                                              cinit        000000
__Lclrtext                                            clrtext      000000
__Lcomram                                             comram       000000
__Lconfig                                             config       000000
__Lconst                                              const        000000
__LcstackBANK0                                        cstackBANK0  000000
__LcstackBANK1                                        cstackBANK1  000000
__LcstackBANK2                                        cstackBANK2  000000
__LcstackCOMRAM                                       cstackCOMRAM 000000
__Ldata                                               data         000000
__LdataBANK0                                          dataBANK0    000000
__LdataBANK1                                          dataBANK1    000000
__LdataBANK2                                          dataBANK2    000000
__LdataCOMRAM                                         dataCOMRAM   000000
__Leeprom_data                                        eeprom_data  000000
__Lfarbss                                             farbss       000000
__Lfardata                                            fardata      000000
__Lheap                                               heap         000000
__Libigdata                                           ibigdata     000000
__Lidata                                              idata        000000
__LidataBANK0                                         idataBANK0   000000
__LidataBANK1                                         idataBANK1   000000
__LidataBANK2                                         idataBANK2   000000
__LidataCOMRAM                                        idataCOMRAM  000000
__Lidloc                                              idloc        000000
__Lifardata                                           ifardata     000000
__Linit                                               init         00000E
__Lintcode                                            intcode      000008
__Lintcode_body                                       intcode_body 000000
__Lintcodelo                                          intcodelo    00000E
__Lintentry                                           intentry     000000
__Lintret                                             intret       000000
__Lintsave_regs                                       intsave_regs 000000
__Lirdata                                             irdata       000000
__Lmediumconst                                        mediumconst  000000
__LnvBANK1                                            nvBANK1      000000
__LnvFARRAM                                           nvFARRAM     000000
__Lnvbit                                              nvbit        000000
__Lnvrram                                             nvrram       000000
__Lparam                                              rparam       000000
__Lpowerup                                            powerup      00000E
__Lram                                                ram          000000
__Lramtop                                             ramtop       001000
__Lrbit                                               rbit         000000
__Lrbss                                               rbss         000000
__Lrdata                                              rdata        000000
__Lreset_vec                                          reset_vec    000000
__Lrparam                                             rparam       000000
__Lsfr                                                sfr          000000
__Lsmallconst                                         smallconst   001000
__Lspace_0                                            (abs)        000000
__Lspace_1                                            (abs)        000000
__Lspace_2                                            (abs)        000000
__Lspace_4                                            (abs)        000000
__Lstack                                              stack        000000
__Lstruct                                             struct       000000
__Ltemp                                               temp         00007F
__Ltext                                               text         000000
__Ltext0                                              text0        000000
__Ltext1                                              text1        000000
__Ltext10                                             text10       000000
__Ltext11                                             text11       000000
__Ltext12                                             text12       000000
__Ltext13                                             text13       000000
__Ltext14                                             text14       000000
__Ltext15                                             text15       000000
__Ltext16                                             text16       000000
__Ltext17                                             text17       000000
__Ltext18                                             text18       000000
__Ltext19                                             text19       000000
__Ltext2                                              text2        000000
__Ltext20                                             text20       000000
__Ltext21                                             text21       000000
__Ltext22                                             text22       000000
__Ltext23                                             text23       000000
__Ltext24                                             text24       000000
__Ltext25                                             text25       000000
__Ltext26                                             text26       000000
__Ltext27                                             text27       000000
__Ltext28                                             text28       000000
__Ltext29                                             text29       000000
__Ltext3                                              text3        000000
__Ltext30                                             text30       000000
__Ltext31                                             text31       000000
__Ltext32                                             text32       000000
__Ltext33                                             text33       000000
__Ltext34                                             text34       000000
__Ltext35                                             text35       000000
__Ltext36                                             text36       000000
__Ltext37                                             text37       000000
__Ltext38                                             text38       000000
__Ltext39                                             text39       000000
__Ltext4                                              text4        000000
__Ltext40                                             text40       000000
__Ltext41                                             text41       000000
__Ltext42                                             text42       000000
__Ltext43                                             text43       000000
__Ltext45                                             text45       000000
__Ltext46                                             text46       000000
__Ltext47                                             text47       000000
__Ltext48                                             text48       000000
__Ltext49                                             text49       000000
__Ltext5                                              text5        000000
__Ltext50                                             text50       000000
__Ltext51                                             text51       000000
__Ltext52                                             text52       000000
__Ltext53                                             text53       000000
__Ltext54                                             text54       000000
__Ltext55                                             text55       000000
__Ltext56                                             text56       000000
__Ltext57                                             text57       000000
__Ltext58                                             text58       000000
__Ltext59                                             text59       000000
__Ltext6                                              text6        000000
__Ltext60                                             text60       000000
__Ltext61                                             text61       000000
__Ltext62                                             text62       000000
__Ltext63                                             text63       000000
__Ltext64                                             text64       000000
__Ltext65                                             text65       000000
__Ltext66                                             text66       000000
__Ltext67                                             text67       000000
__Ltext68                                             text68       000000
__Ltext69                                             text69       000000
__Ltext7                                              text7        000000
__Ltext70                                             text70       000000
__Ltext71                                             text71       000000
__Ltext72                                             text72       000000
__Ltext73                                             text73       000000
__Ltext74                                             text74       000000
__Ltext75                                             text75       000000
__Ltext76                                             text76       000000
__Ltext77                                             text77       000000
__Ltext78                                             text78       000000
__Ltext8                                              text8        000000
__Ltext9                                              text9        000000
__S0                                                  (abs)        005CC4
__S1                                                  (abs)        000257
__S4                                                  (abs)        000000
__S5                                                  (abs)        000000
___fladd                                              text11       0015C4
___fladd@a                                            cstackBANK1  000144
___fladd@aexp                                         cstackBANK1  00014D
___fladd@b                                            cstackBANK1  000140
___fladd@bexp                                         cstackBANK1  00014E
___fladd@grs                                          cstackBANK1  00014F
___fladd@signs                                        cstackBANK1  00014C
___fldiv                                              text10       002BF2
___fldiv@a                                            cstackBANK1  00012B
___fldiv@aexp                                         cstackBANK1  00013F
___fldiv@b                                            cstackBANK1  000127
___fldiv@bexp                                         cstackBANK1  00013E
___fldiv@grs                                          cstackBANK1  00013A
___fldiv@new_exp                                      cstackBANK1  000138
___fldiv@rem                                          cstackBANK1  000133
___fldiv@sign                                         cstackBANK1  000137
___flmul                                              text9        00239C
___flmul@a                                            cstackBANK1  000112
___flmul@aexp                                         cstackBANK1  00011B
___flmul@b                                            cstackBANK1  00010E
___flmul@bexp                                         cstackBANK1  000120
___flmul@grs                                          cstackBANK1  00011C
___flmul@prod                                         cstackBANK1  000121
___flmul@sign                                         cstackBANK1  00011A
___flmul@temp                                         cstackBANK1  000125
___fltol                                              text8        00465A
___fltol@exp1                                         cstackBANK1  000159
___fltol@f1                                           cstackBANK1  000150
___fltol@sign1                                        cstackBANK1  000158
___heap_hi                                            (abs)        000000
___heap_lo                                            (abs)        000000
___inthi_sp                                           stack        000000
___intlo_sp                                           stack        000000
___param_bank                                         (abs)        000000
___rparam_used                                        (abs)        000001
___sp                                                 stack        000000
___xxtofl                                             text7        003840
___xxtofl@arg                                         cstackBANK1  00010A
___xxtofl@exp                                         cstackBANK1  000109
___xxtofl@sign                                        cstackBANK1  000108
___xxtofl@val                                         cstackBANK1  000100
__accesstop                                           (abs)        000080
__activetblptr                                        (abs)        000003
__end_of_ADC_ISR                                      text77       005CC4
__end_of_Button_Initialize                            text35       0059E4
__end_of_Button_Read_Status                           text42       004B1E
__end_of_CCP1_ISR                                     text76       005CBE
__end_of_CCP2_ISR                                     text75       005B58
__end_of_CCP_Capture_Compare_Timer_Selection          text14       005760
__end_of_CCP_Compare_Mode_Config_                     text13       003FFA
__end_of_CCP_Interrupt_Config                         text12       0056EE
__end_of_CCP_PWM_Config                               text6        003840
__end_of_CCP_PWM_Set_Duty                             text68       003D34
__end_of_CCP_PWM_Start                                text67       00567C
__end_of_CCP_capture_Mode_Config_                     text5        00465A
__end_of_CCP_intialize                                text4        004964
__end_of_ECCP_ISR                                     text74       005CBA
__end_of_EXT_INTX_Intialize                           text25       004F66
__end_of_GPIO_Pin_Direction_Intialize                 text36       004152
__end_of_GPIO_Pin_Intialize                           text17       0057C4
__end_of_GPIO_Pin_Read_Logic                          text43       004BE8
__end_of_GPIO_Pin_Write_Logic                         text41       00429E
__end_of_INT0_ISR                                     text60       005AF4
__end_of_INT1_ISR                                     text59       005AC0
__end_of_INT2_ISR                                     text58       005A8C
__end_of_ISR_INT1                                     text61       005608
__end_of_ISR_INT2                                     text62       005B28
__end_of_InterruptManagerHigh                         intcode_body 00239C
__end_of_Interrupt_INTX_Clear_Flag                    text34       005512
__end_of_Interrupt_INTX_Disable                       text33       005490
__end_of_Interrupt_INTX_Edge_Intiat                   text32       004524
__end_of_Interrupt_INTX_Enable                        text31       00540E
__end_of_Interrupt_INTX_Pin_Intiat                    text30       005966
__end_of_Key_Pad_Array                                smallconst   001011
__end_of_Led_Intialize                                text16       0051CE
__end_of_Led_Turn_Off                                 text40       00513C
__end_of_Led_Turn_On                                  text39       0050A6
__end_of_MSSP_I2C_BC_ISR                              text57       005CB6
__end_of_MSSP_I2C_ISR                                 text56       005CB2
__end_of_MSSP_SPI_Msster_Mode_GPIO_PIN_Configurations text24       005A58
__end_of_MSSP_SPI_Slave_Mode_GPIO_PIN_Configurations  text23       005828
__end_of_MSSP_SPI_Trancieve                           text38       0058D4
__end_of_RB4_ISR                                      text55       005C70
__end_of_RB5_ISR                                      text54       005C56
__end_of_RB6_ISR                                      text53       005C3C
__end_of_RB7_ISR                                      text52       005C22
__end_of_SPI_Init                                     text22       003E9C
__end_of_Set_INT0_Handler                             text29       005BE6
__end_of_Set_INT1_Handler                             text28       005BC4
__end_of_Set_INT2_Handler                             text27       005BA2
__end_of_Set_INTX_Handler                             text26       004CA0
__end_of_TIMER0_ISR                                   text50       005A20
__end_of_TIMER1_ISR                                   text49       005CA6
__end_of_TIMER2_ISR                                   text48       005CC2
__end_of_TIMER3_ISR                                   text47       005C90
__end_of_Timer0_Bit_Mode_Select                       text21       0059A6
__end_of_Timer0_Intialization                         text18       004D56
__end_of_Timer0_Mode_Select                           text20       005592
__end_of_Timer0_Prescaler_Config                      text19       005882
__end_of_Timer0_Write_Value                           text37       005C08
__end_of_Timer2_Intialization                         text3        005380
__end_of_USART_RX_ISR                                 text46       005CC0
__end_of_USART_TX_ISR                                 text45       005CAE
__end_of___fladd                                      text11       001A86
__end_of___fldiv                                      text10       002F8E
__end_of___flmul                                      text9        0027C8
__end_of___fltol                                      text8        004762
__end_of___xxtofl                                     text7        0039F8
__end_of__initialization                              cinit        004E00
__end_of_ecu_intialize                                text15       005010
__end_of_intialization                                text1        004A46
__end_of_main                                         text0        0015C4
__end_of_servo_motor_intialize                        text2        004EBA
__end_of_servo_motor_set_angle                        text66       00365E
__end_of_timer0_isr                                   text51       005C9C
__end_ofi2_GPIO_Pin_Write_Logic                       text65       0043E4
__end_ofi2_Led_Turn_Off                               text64       0052F2
__end_ofi2_Led_Turn_On                                text63       005260
__end_ofi2___fladd                                    text73       001F46
__end_ofi2___fldiv                                    text72       003328
__end_ofi2___flmul                                    text71       002BF2
__end_ofi2___fltol                                    text70       004868
[...]
__ptext38                                             text38       005882
__ptext39                                             text39       005010
__ptext4                                              text4        004868
__ptext40                                             text40       0050A6
__ptext41                                             text41       004152
__ptext42                                             text42       004A46
__ptext43                                             text43       004B1E
__ptext45                                             text45       005CAA
__ptext46                                             text46       005CBE
__ptext47                                             text47       005C82
__ptext48                                             text48       005CC0
__ptext49                                             text49       005C9C
__ptext5                                              text5        004524
__ptext50                                             text50       0059E4
__ptext51                                             text51       005C90
__ptext52                                             text52       005C08
__ptext53                                             text53       005C22
__ptext54                                             text54       005C3C
__ptext55                                             text55       005C56
__ptext56                                             text56       005CAE
__ptext57                                             text57       005CB2
__ptext58                                             text58       005A58
__ptext59                                             text59       005A8C
__ptext6                                              text6        00365E
__ptext60                                             text60       005AC0
__ptext61                                             text61       005592
__ptext62                                             text62       005AF4
__ptext63                                             text63       0051CE
__ptext64                                             text64       005260
__ptext65                                             text65       00429E
__ptext66                                             text66       003328
__ptext67                                             text67       005608
__ptext68                                             text68       003BAC
__ptext69                                             text69       0039F8
__ptext7                                              text7        003840
__ptext70                                             text70       004762
__ptext71                                             text71       0027C8
__ptext72                                             text72       002F8E
__ptext73                                             text73       001A86
__ptext74                                             text74       005CB6
__ptext75                                             text75       005B28
__ptext76                                             text76       005CBA
__ptext77                                             text77       005CC2
__ptext78                                             text78       000000
__ptext8                                              text8        00465A
__ptext9                                              text9        00239C
__ramtop                                              ramtop       001000
__smallconst                                          smallconst   001000
_array                                                bssBANK1     0001BD
_btn_rainse                                           dataBANK1    0001AB
_btn_temp                                             dataBANK1    0001A8
_btn_wash                                             dataBANK1    0001AE
_btn_water_L                                          dataBANK1    0001B1
_counter_btn_level                                    bssBANK1     0001F2
_counter_rainse_times                                 bssBANK1     0001F0
_counter_temp_times                                   bssBANK1     0001EF
_counter_wash_times                                   bssBANK1     0001F1
_data_from_slave                                      bssBANK1     0001F8
_ecu_intialize                                        text15       004F66
_flag                                                 bssCOMRAM    00007E
_flag_spi                                             bssBANK1     0001EE
_intialization                                        text1        004964
_led_cold                                             dataBANK0    0000CC
_led_door                                             dataBANK0    0000D4
_led_hot                                              dataBANK0    0000CA
_led_level_1                                          dataBANK0    0000D3
_led_level_2                                          dataBANK0    0000D2
_led_level_3                                          dataBANK0    0000D1
_led_rainse_1                                         dataBANK0    0000CE
_led_rainse_2                                         dataBANK0    0000CD
_led_warm                                             dataBANK0    0000CB
_main                                                 text0        001016
_minutes                                              bssBANK0     0000B9
_pin_enable                                           dataBANK1    0001B6
_pre_load                                             bssBANK0     0000AD
_pre_load@mcal_timer1$F3944                           bssCOMRAM    00007C
_pre_load@mcal_timer2$F4047                           bssBANK1     0001D0
_rainse_level_button                                  bssBANK1     0001FB
_rainse_level_flag                                    bssBANK1     0001F4
_ret                                                  nvBANK1      0001FE
_second                                               bssBANK0     0000BA
_servo_motor_intialize                                text2        004E0A
_servo_motor_set_angle                                text66       003328
_spi_master                                           dataBANK1    0001B4
_start_programm                                       bssBANK1     0001F7
_temp_level_button                                    bssBANK1     0001FA
_temp_level_flag                                      bssBANK1     0001F3
_timer0                                               dataBANK1    000196
_timer0_isr                                           text51       005C90
_timer3_preload_value                                 bssBANK0     0000AB
_wash_L_1                                             bssBANK0     0000C2
_wash_L_2                                             dataBANK0    0000D0
_wash_L_3                                             dataBANK0    0000CF
_wash_level_flag                                      bssBANK1     0001F5
_wash_level_status                                    bssBANK1     0001FC
_water_level_flag                                     bssBANK1     0001F6
_water_level_status                                   bssBANK1     0001FD
btemp                                                 temp         00007F
end_of_initialization                                 cinit        004E00
i2GPIO_Pin_Write_Logic@Logic                          cstackCOMRAM 000003
i2GPIO_Pin_Write_Logic@_Pin_Config_                   cstackCOMRAM 000001
i2GPIO_Pin_Write_Logic@ret                            cstackCOMRAM 00000A
i2Led_Turn_Off@Led                                    cstackCOMRAM 00000C
i2Led_Turn_Off@_pin_config_                           cstackCOMRAM 000011
i2Led_Turn_Off@ret                                    cstackCOMRAM 00000F
i2Led_Turn_On@Led                                     cstackCOMRAM 00000C
i2Led_Turn_On@_pin_config_                            cstackCOMRAM 000011
i2Led_Turn_On@ret                                     cstackCOMRAM 00000F
i2_GPIO_Pin_Write_Logic                               text65       00429E
i2_Led_Turn_Off                                       text64       005260
i2_Led_Turn_On                                        text63       0051CE
i2___fladd                                            text73       001A86
i2___fladd@a                                          cstackCOMRAM 00002C
i2___fladd@aexp                                       cstackCOMRAM 000035
i2___fladd@b                                          cstackCOMRAM 000028
i2___fladd@bexp                                       cstackCOMRAM 000036
i2___fladd@grs                                        cstackCOMRAM 000037
i2___fladd@signs                                      cstackCOMRAM 000034
i2___fldiv                                            text72       002F8E
i2___fldiv@a                                          cstackCOMRAM 000013
i2___fldiv@aexp                                       cstackCOMRAM 000027
i2___fldiv@b                                          cstackCOMRAM 00000F
i2___fldiv@bexp                                       cstackCOMRAM 000026
i2___fldiv@grs                                        cstackCOMRAM 000022
i2___fldiv@new_exp                                    cstackCOMRAM 000020
i2___fldiv@rem                                        cstackCOMRAM 00001B
i2___fldiv@sign                                       cstackCOMRAM 00001F
i2___flmul                                            text71       0027C8
i2___flmul@a                                          cstackCOMRAM 00003C
i2___flmul@aexp                                       cstackCOMRAM 000049
i2___flmul@b                                          cstackCOMRAM 000038
i2___flmul@bexp                                       cstackCOMRAM 00004A
i2___flmul@grs                                        cstackCOMRAM 000045
i2___flmul@prod                                       cstackCOMRAM 00004B
i2___flmul@sign                                       cstackCOMRAM 000044
i2___flmul@temp                                       cstackCOMRAM 00004F
i2___fltol                                            text70       004762
i2___fltol@exp1                                       cstackCOMRAM 00005A
i2___fltol@f1                                         cstackCOMRAM 000051
i2___fltol@sign1                                      cstackCOMRAM 000059
i2___xxtofl                                           text69       0039F8
i2___xxtofl@arg                                       cstackCOMRAM 00000B
i2___xxtofl@exp                                       cstackCOMRAM 00000A
i2___xxtofl@sign                                      cstackCOMRAM 000009
i2___xxtofl@val                                       cstackCOMRAM 000001
int$flags                                             temp         00007F
int_func                                              intcode_body 001F46
intlevel0                                             text         000000
intlevel1                                             text         000000
intlevel2                                             text         000000
intlevel3                                             text         000000
isa$std                                               (abs)        000001
isa$xinst                                             (abs)        000000
main@count                                            cstackBANK2  00024B
servo_motor_intialize@F2926                           dataBANK1    000193
servo_motor_intialize@F2928                           dataBANK1    000168
servo_motor_intialize@F2931                           dataBANK2    00021A
servo_motor_intialize@PWM                             cstackBANK2  000231
servo_motor_intialize@PWM_670                         cstackBANK2  00023E
servo_motor_intialize@ret                             cstackBANK2  00022F
servo_motor_intialize@servo                           cstackBANK2  00022A
servo_motor_intialize@timer_2                         cstackBANK2  00022C
servo_motor_set_angle@F2943                           dataBANK2    00020D
servo_motor_set_angle@F2946                           dataBANK2    000200
servo_motor_set_angle@PWM                             cstackBANK0  000091
servo_motor_set_angle@PWM_748                         cstackBANK0  00009E
servo_motor_set_angle@T_on                            cstackBANK0  00008D
servo_motor_set_angle@_duty                           cstackBANK0  000085
servo_motor_set_angle@angle                           cstackCOMRAM 00006D
servo_motor_set_angle@range                           cstackBANK0  000080
servo_motor_set_angle@range_of_angle                  cstackBANK0  000084
servo_motor_set_angle@rate                            cstackBANK0  000089
servo_motor_set_angle@servo                           cstackCOMRAM 00006B
stackhi                                               (abs)        000000
stacklo                                               (abs)        000000
start                                                 init         00000E
start_initialization                                  cinit        004D56
ttemp5                                                temp         000080
ttemp6                                                temp         000083
ttemp7                                                temp         000087
wtemp8                                                temp         000080


MODULE INFORMATION

Module		Function		Class		Link	Load	Size
MCAL_Layer/ECCP/hal_eccp.c
		_ECCP_ISR      		CODE           	5CB6	0000	4

MCAL_Layer/ECCP/hal_eccp.c estimated size: 4

C:\Program Files\Microchip\xc8\v2.41\pic\sources\c99\common\fltol.c
		___fltol       		CODE           	465A	0000	264

C:\Program Files\Microchip\xc8\v2.41\pic\sources\c99\common\fltol.c estimated size: 264

MCAL_Layer/Timer2/mcal_timer2.c
		_TIMER2_ISR    		CODE           	5CC0	0000	2
		_Timer2_Intialization		CODE           	52F2	0000	142

MCAL_Layer/Timer2/mcal_timer2.c estimated size: 144

C:\Program Files\Microchip\xc8\v2.41\pic\sources\c99\common\xxtofl.c
		___xxtofl      		CODE           	3840	0000	440

C:\Program Files\Microchip\xc8\v2.41\pic\sources\c99\common\xxtofl.c estimated size: 440

MCAL_Layer/Timer0/mcal_timer0.c
		_Timer0_Bit_Mode_Select		CODE           	5966	0000	64
		_Timer0_Prescaler_Config		CODE           	5828	0000	90
		_Timer0_Write_Value		CODE           	5BE6	0000	34
		_Timer0_Mode_Select		CODE           	5512	0000	128
		_TIMER0_ISR    		CODE           	59E4	0000	60
		_Timer0_Intialization		CODE           	4CA0	0000	182

MCAL_Layer/Timer0/mcal_timer0.c estimated size: 558

ECU_Layer/Servo_Motor/servo_motor.c
		_servo_motor_intialize		CODE           	4E0A	0000	176
		_servo_motor_set_angle		CODE           	3328	0000	822

ECU_Layer/Servo_Motor/servo_motor.c estimated size: 998

C:\Program Files\Microchip\xc8\v2.41\pic\sources\c99\common\sprcadd.c
		___fladd       		CODE           	15C4	0000	1218

C:\Program Files\Microchip\xc8\v2.41\pic\sources\c99\common\sprcadd.c estimated size: 1218

MCAL_Layer/SPI/hal_spi.c
		_MSSP_SPI_Msster_Mode_GPIO_PIN_Configurations		CODE           	5A20	0000	56
		_MSSP_SPI_Slave_Mode_GPIO_PIN_Configurations		CODE           	57C4	0000	100
		_MSSP_SPI_Trancieve		CODE           	5882	0000	82
		_SPI_Init      		CODE           	3D34	0000	360

MCAL_Layer/SPI/hal_spi.c estimated size: 598

MCAL_Layer/GPIO/hal_GPIO.c
		_GPIO_Pin_Intialize		CODE           	5760	0000	100
		_GPIO_Pin_Read_Logic		CODE           	4B1E	0000	202
		_GPIO_Pin_Direction_Intialize		CODE           	3FFA	0000	344
		_GPIO_Pin_Write_Logic		CODE           	4152	0000	332

MCAL_Layer/GPIO/hal_GPIO.c estimated size: 978

ECU_Layer/Button/ecu_button.c
		_Button_Read_Status		CODE           	4A46	0000	216
		_Button_Initialize		CODE           	59A6	0000	62

ECU_Layer/Button/ecu_button.c estimated size: 278

MCAL_Layer/I2C/hal_i2c.c
		_MSSP_I2C_ISR  		CODE           	5CAE	0000	4
		_MSSP_I2C_BC_ISR		CODE           	5CB2	0000	4

MCAL_Layer/I2C/hal_i2c.c estimated size: 8

Application.c
		_main          		CODE           	1016	0000	1454
		_timer0_isr    		CODE           	5C90	0000	12
		_ISR_INT1      		CODE           	5592	0000	118
		_ISR_INT2      		CODE           	5AF4	0000	52
		_intialization 		CODE           	4964	0000	226

Application.c estimated size: 1862

MCAL_Layer/CCP1/hal_ccp.c
		_CCP1_ISR      		CODE           	5CBA	0000	4
		_CCP2_ISR      		CODE           	5B28	0000	48
		_CCP_capture_Mode_Config_		CODE           	4524	0000	310
		_CCP_PWM_Start 		CODE           	5608	0000	116
		_CCP_intialize 		CODE           	4868	0000	252
		_CCP_PWM_Set_Duty		CODE           	3BAC	0000	392
		_CCP_PWM_Config		CODE           	365E	0000	482
		_CCP_Compare_Mode_Config_		CODE           	3E9C	0000	350
		_CCP_Interrupt_Config		CODE           	567C	0000	114
		_CCP_Capture_Compare_Timer_Selection		CODE           	56EE	0000	114

MCAL_Layer/CCP1/hal_ccp.c estimated size: 2182

MCAL_Layer/MCAL_ADC/mcal_adc.c
		_ADC_ISR       		CODE           	5CC2	0000	2

MCAL_Layer/MCAL_ADC/mcal_adc.c estimated size: 2

MCAL_Layer/Timer3/mcal_timer3.c
		_TIMER3_ISR    		CODE           	5C82	0000	14

MCAL_Layer/Timer3/mcal_timer3.c estimated size: 14

MCAL_Layer/Timer1/mcal_timer1.c
		_TIMER1_ISR    		CODE           	5C9C	0000	10

MCAL_Layer/Timer1/mcal_timer1.c estimated size: 10

shared
		i2_GPIO_Pin_Write_Logic		CODE           	429E	0000	326
		i2___fladd     		CODE           	1A86	0000	1216
		i2___fldiv     		CODE           	2F8E	0000	922
		i2_Led_Turn_On 		CODE           	51CE	0000	146
		i2___fltol     		CODE           	4762	0000	262
		_Key_Pad_Array 		SMALLCONST     	1001	0000	16
		__initialization		CODE           	4D56	0000	170
		i2_Led_Turn_Off		CODE           	5260	0000	146
		i2___flmul     		CODE           	27C8	0000	1066
		i2___xxtofl    		CODE           	39F8	0000	436

shared estimated size: 4706

MCAL_Layer/Interrupt/mcal_external_interrupt.c
		_Interrupt_INTX_Pin_Intiat		CODE           	5924	0000	66
		_Interrupt_INTX_Edge_Intiat		CODE           	43E4	0000	320
		_Interrupt_INTX_Clear_Flag		CODE           	5490	0000	130
		_Interrupt_INTX_Enable		CODE           	5380	0000	142
		_EXT_INTX_Intialize		CODE           	4EBA	0000	172
		_RB4_ISR       		CODE           	5C56	0000	26
		_RB5_ISR       		CODE           	5C3C	0000	26
		_RB6_ISR       		CODE           	5C22	0000	26
		_RB7_ISR       		CODE           	5C08	0000	26
		_Interrupt_INTX_Disable		CODE           	540E	0000	130
		_Set_INT0_Handler		CODE           	5BC4	0000	34
		_Set_INT1_Handler		CODE           	5BA2	0000	34
		_Set_INT2_Handler		CODE           	5B80	0000	34
		_Set_INTX_Handler		CODE           	4BE8	0000	184
		_INT0_ISR      		CODE           	5AC0	0000	52
		_INT1_ISR      		CODE           	5A8C	0000	52
		_INT2_ISR      		CODE           	5A58	0000	52

MCAL_Layer/Interrupt/mcal_external_interrupt.c estimated size: 1506

MCAL_Layer/Interrupt/mcal_interrupt_manager.c
		_InterruptManagerHigh		CODE           	0008	0000	1116

MCAL_Layer/Interrupt/mcal_interrupt_manager.c estimated size: 1116

MCAL_Layer/USART/hal_usart.c
		_USART_RX_ISR  		CODE           	5CBE	0000	2
		_USART_TX_ISR  		CODE           	5CAA	0000	4

MCAL_Layer/USART/hal_usart.c estimated size: 6

ECU_Layer/LED/ecu_Led.c
		_Led_Turn_On   		CODE           	5010	0000	150
		_Led_Turn_Off  		CODE           	50A6	0000	150
		_Led_Intialize 		CODE           	513C	0000	146

ECU_Layer/LED/ecu_Led.c estimated size: 446

ECU_Layer/ecu_intialize.c
		_ecu_intialize 		CODE           	4F66	0000	170

ECU_Layer/ecu_intialize.c estimated size: 170

C:\Program Files\Microchip\xc8\v2.41\pic\sources\c99\common\sprcmul.c
		___flmul       		CODE           	239C	0000	1068

C:\Program Files\Microchip\xc8\v2.41\pic\sources\c99\common\sprcmul.c estimated size: 1068

C:\Program Files\Microchip\xc8\v2.41\pic\sources\c99\common\sprcdiv.c
		___fldiv       		CODE           	2BF2	0000	924

C:\Program Files\Microchip\xc8\v2.41\pic\sources\c99\common\sprcdiv.c estimated size: 924

