Microchip MPLAB XC8 Compiler V2.41

Linker command line:

-W-3 \
  --edf=C:\Program Files\Microchip\xc8\v2.41\pic\dat\20230208172133_en.msgs \
  -cn -h+dist/default/production\Slave.production.sym \
  --cmf=dist/default/production\Slave.production.cmf -z -Q18F4620 \
  -oC:\Users\Yossri\AppData\Local\Temp\xcBs9ms.1\driver_tmp_3.o \
  --defsym=__MPLAB_BUILD=1 --fixupoverflow=error \
  -Mdist/default/production/Slave.production.map \
  --md=C:\Users\Yossri\AppData\Local\Temp\xcBs9ms.1\driver_tmp_0.dat -E1 \
  -ver=XC8 Compiler --acfsm=1493 -ACODE=00h-0FFFFh -ACONST=00h-0FFFFh \
  -ASMALLCONST=01000h-010FFhx240 -AMEDIUMCONST=01000h-0FFFFh \
  -ACOMRAM=01h-07Fh -AABS1=00h-0F7Fh -ABIGRAM=01h-0F7Fh \
  -ARAM=080h-0FFh,0100h-01FFhx14,0F00h-0F7Fh -ABANK0=080h-0FFh \
  -ABANK1=0100h-01FFh -ABANK2=0200h-02FFh -ABANK3=0300h-03FFh \
  -ABANK4=0400h-04FFh -ABANK5=0500h-05FFh -ABANK6=0600h-06FFh \
  -ABANK7=0700h-07FFh -ABANK8=0800h-08FFh -ABANK9=0900h-09FFh \
  -ABANK10=0A00h-0AFFh -ABANK11=0B00h-0BFFh -ABANK12=0C00h-0CFFh \
  -ABANK13=0D00h-0DFFh -ABANK14=0E00h-0EFFh -ABANK15=0F00h-0F7Fh \
  -ASFR=0F80h-0FFFh -ABIGSFR=0F80h-0FFFh -ACONFIG=0300000h-030000Dh \
  -AIDLOC=0200000h-0200007h -AEEDATA=0F00000h-0F003FFh -peeprom_data=EEDATA \
  -preset_vec=00h,intcode=08h,intcodelo,powerup,init -pramtop=01000h \
  -psmallconst=SMALLCONST -pmediumconst=MEDIUMCONST -pconst=CONST \
  -AFARRAM=00h-00h \
  -prdata=COMRAM,nvrram=COMRAM,nvbit=COMRAM,rbss=COMRAM,rbit=COMRAM \
  -pfarbss=FARRAM,fardata=FARRAM,nvFARRAM=FARRAM \
  -pintsave_regs=BIGRAM,bigbss=BIGRAM,bigdata=BIGRAM -pbss=RAM \
  -pidata=CODE,irdata=CODE,ibigdata=CODE,ifardata=CODE -prparam=COMRAM \
  C:\Users\Yossri\AppData\Local\Temp\xcBs9ms.1\driver_tmp_9.o \
  dist/default/production\Slave.production.o 

Object code version is 3.11

Machine type is 18F4620



                Name                               Link     Load   Length Selector   Space Scale
C:\Users\Yossri\AppData\Local\Temp\xcBs9ms.1\driver_tmp_9.o
                idloc                            200000   200000        8        0       5
                config                           300000   300000        E        0       4
                init                                  E        E        4        4       0
                reset_vec                             0        0        4        0       0
dist/default/production\Slave.production.o
                intcode                               8        8        6        4       0
                idloc                            200000   200000        8        0       5
                config                           300000   300000        E        0       4
                temp                                 69       69        1        1       1
                smallconst                         1000     1000       16      800       0
                text89                             3BFC     3BFC       EE      80B       0
                text88                             4E60     4E60       6C      80B       0
                text87                             54EC     54EC       34      80B       0
                text86                             56B6     56B6        4      80B       0
                text85                             56B2     56B2        4      80B       0
                text84                             56AE     56AE        4      80B       0
                text83                             569C     569C        6      80B       0
                text82                             54B8     54B8       34      80B       0
                text81                             5484     5484       34      80B       0
                text80                             5450     5450       34      80B       0
                text79                             56AA     56AA        4      80B       0
                text78                             56A6     56A6        4      80B       0
                text77                             5658     5658       1A      80B       0
                text76                             563E     563E       1A      80B       0
                text75                             5624     5624       1A      80B       0
                text74                             560A     560A       1A      80B       0
                text73                             3522     3522      146      80B       0
                text72                             4186     4186       B6      80B       0
                text71                             3F54     3F54       C4      80B       0
                text70                             439E     439E       B0      80B       0
                text69                             3E8A     3E8A       CA      80B       0
                text68                             53A8     53A8       3C      80B       0
                text67                             5692     5692        A      80B       0
                text66                             56BC     56BC        2      80B       0
                text65                             541C     541C       34      80B       0
                text64                             53E4     53E4       38      80B       0
                text63                             56BA     56BA        2      80B       0
                text62                             56A2     56A2        4      80B       0
                intcode_body                       1B64     1B64      446      80B       0
                text60                             3CEA     3CEA       D2      80B       0
                text59                             5168     5168       54      80B       0
                text58                             5552     5552       32      80B       0
                text57                             520A     520A       4C      80B       0
                text56                             33DC     33DC      146      80B       0
                text55                             4F94     4F94       64      80B       0
                text54                             4F30     4F30       64      80B       0
                text53                             4ECC     4ECC       64      80B       0
                text52                             444E     444E       AA      80B       0
                text51                             48F8     48F8       8E      80B       0
                text50                             46BC     46BC       92      80B       0
                text49                             462A     462A       92      80B       0
                text48                             51BC     51BC       4E      80B       0
                text47                             536A     536A       3E      80B       0
                text46                             4C1C     4C1C       7E      80B       0
                text45                             5110     5110       58      80B       0
                text44                             423C     423C       B2      80B       0
                text43                             4D0E     4D0E       74      80B       0
                text42                             5584     5584       26      80B       0
                text41                             5256     5256       4A      80B       0
                text40                             52E6     52E6       44      80B       0
                text39                             3DBC     3DBC       CE      80B       0
                text38                             328A     328A      152      80B       0
                text37                             4FF8     4FF8       60      80B       0
                text36                             50B4     50B4       5C      80B       0
                text35                             4B9C     4B9C       80      80B       0
                text34                             4B1C     4B1C       80      80B       0
                text33                             3668     3668      13E      80B       0
                text32                             4986     4986       8C      80B       0
                text31                             532A     532A       40      80B       0
                text30                             55EA     55EA       20      80B       0
                text29                             55CA     55CA       20      80B       0
                text28                             55AA     55AA       20      80B       0
                text27                             40D0     40D0       B6      80B       0
                text26                             44F8     44F8       A0      80B       0
                text25                             5520     5520       32      80B       0
                text24                             5058     5058       5C      80B       0
                text23                             2FD2     2FD2      15E      80B       0
                text22                             4A98     4A98       84      80B       0
                text21                             486A     486A       8E      80B       0
                text20                             4598     4598       92      80B       0
                text19                             4D82     4D82       70      80B       0
                text18                             3130     3130      15A      80B       0
                text17                             4DF2     4DF2       6E      80B       0
                text16                             16A4     16A4      4C0      80B       0
                text15                             23D6     23D6      39A      80B       0
                text14                             1FAA     1FAA      42C      80B       0
                text13                             39FA     39FA      108      80B       0
                text12                             2C90     2C90      1B4      80B       0
                text11                             2AB0     2AB0      1E0      80B       0
                text10                             37A6     37A6      132      80B       0
                text9                              3B02     3B02       FA      80B       0
                text8                              47DC     47DC       8E      80B       0
                text7                              42EE     42EE       B0      80B       0
                text6                              52A0     52A0       46      80B       0
                text5                              4018     4018       B8      80B       0
                text4                              38D8     38D8      122      80B       0
                text3                              2E44     2E44      18E      80B       0
                text2                              4C9A     4C9A       74      80B       0
                text1                              2770     2770      340      80B       0
                text0                              1016     1016      68E      80B       0
                cstackCOMRAM                          1        1       52        1       1
                cstackBANK0                          80       80       36       80       1
                cstackBANK1                         1D0      1D0       2B      100       1
                dataBANK1                           100      100       86      100       1
                bssBANK1                            186      186       4A      100       1
                dataBANK0                            D5       D5       16       80       1
                bssBANK0                             B6       B6       1F       80       1
                dataCOMRAM                           5F       5F        A        1       1
                bssCOMRAM                            53       53        C        1       1
                cinit                              474E     474E       8E      80B       0
                nvBANK1                             1FB      1FB        2      100       1
                idataBANK1                         4A12     4A12       86      80B       0
                idataBANK0                         5672     5672       16      80B       0
                idataCOMRAM                        5688     5688        A      80B       0

TOTAL           Name                               Link     Load   Length     Space
        CLASS   CODE           
                intcode                               8        8        6         0
                init                                  E        E        4         0
                reset_vec                             0        0        4         0
                text89                             3BFC     3BFC       EE         0
                text88                             4E60     4E60       6C         0
                text87                             54EC     54EC       34         0
                text86                             56B6     56B6        4         0
                text85                             56B2     56B2        4         0
                text84                             56AE     56AE        4         0
                text83                             569C     569C        6         0
                text82                             54B8     54B8       34         0
                text81                             5484     5484       34         0
                text80                             5450     5450       34         0
                text79                             56AA     56AA        4         0
                text78                             56A6     56A6        4         0
                text77                             5658     5658       1A         0
                text76                             563E     563E       1A         0
                text75                             5624     5624       1A         0
                text74                             560A     560A       1A         0
                text73                             3522     3522      146         0
                text72                             4186     4186       B6         0
                text71                             3F54     3F54       C4         0
                text70                             439E     439E       B0         0
                text69                             3E8A     3E8A       CA         0
                text68                             53A8     53A8       3C         0
                text67                             5692     5692        A         0
                text66                             56BC     56BC        2         0
                text65                             541C     541C       34         0
                text64                             53E4     53E4       38         0
                text63                             56BA     56BA        2         0
                text62                             56A2     56A2        4         0
                intcode_body                       1B64     1B64      446         0
                text60                             3CEA     3CEA       D2         0
                text59                             5168     5168       54         0
                text58                             5552     5552       32         0
                text57                             520A     520A       4C         0
                text56                             33DC     33DC      146         0
                text55                             4F94     4F94       64         0
                text54                             4F30     4F30       64         0
                text53                             4ECC     4ECC       64         0
                text52                             444E     444E       AA         0
                text51                             48F8     48F8       8E         0
                text50                             46BC     46BC       92         0
                text49                             462A     462A       92         0
                text48                             51BC     51BC       4E         0
                text47                             536A     536A       3E         0
                text46                             4C1C     4C1C       7E         0
                text45                             5110     5110       58         0
                text44                             423C     423C       B2         0
                text43                             4D0E     4D0E       74         0
                text42                             5584     5584       26         0
                text41                             5256     5256       4A         0
                text40                             52E6     52E6       44         0
                text39                             3DBC     3DBC       CE         0
                text38                             328A     328A      152         0
                text37                             4FF8     4FF8       60         0
                text36                             50B4     50B4       5C         0
                text35                             4B9C     4B9C       80         0
                text34                             4B1C     4B1C       80         0
                text33                             3668     3668      13E         0
                text32                             4986     4986       8C         0
                text31                             532A     532A       40         0
                text30                             55EA     55EA       20         0
                text29                             55CA     55CA       20         0
                text28                             55AA     55AA       20         0
                text27                             40D0     40D0       B6         0
                text26                             44F8     44F8       A0         0
                text25                             5520     5520       32         0
                text24                             5058     5058       5C         0
                text23                             2FD2     2FD2      15E         0
                text22                             4A98     4A98       84         0
                text21                             486A     486A       8E         0
                text20                             4598     4598       92         0
                text19                             4D82     4D82       70         0
                text18                             3130     3130      15A         0
                text17                             4DF2     4DF2       6E         0
                text16                             16A4     16A4      4C0         0
                text15                             23D6     23D6      39A         0
                text14                             1FAA     1FAA      42C         0
                text13                             39FA     39FA      108         0
                text12                             2C90     2C90      1B4         0
                text11                             2AB0     2AB0      1E0         0
                text10                             37A6     37A6      132         0
                text9                              3B02     3B02       FA         0
                text8                              47DC     47DC       8E         0
                text7                              42EE     42EE       B0         0
                text6                              52A0     52A0       46         0
                text5                              4018     4018       B8         0
                text4                              38D8     38D8      122         0
                text3                              2E44     2E44      18E         0
                text2                              4C9A     4C9A       74         0
                text1                              2770     2770      340         0
                text0                              1016     1016      68E         0
                cinit                              474E     474E       8E         0
                idataBANK1                         4A12     4A12       86         0
                idataBANK0                         5672     5672       16         0
                idataCOMRAM                        5688     5688        A         0

        CLASS   CONST          

        CLASS   SMALLCONST     
                smallconst                         1000     1000       16         0

        CLASS   MEDIUMCONST    

        CLASS   COMRAM         
                temp                                 69       69        1         1
                cstackCOMRAM                          1        1       52         1
                dataCOMRAM                           5F       5F        A         1
                bssCOMRAM                            53       53        C         1

        CLASS   ABS1           

        CLASS   BIGRAM         

        CLASS   RAM            

        CLASS   BANK0          
                cstackBANK0                          80       80       36         1
                dataBANK0                            D5       D5       16         1
                bssBANK0                             B6       B6       1F         1

        CLASS   BANK1          
                cstackBANK1                         1D0      1D0       2B         1
                dataBANK1                           100      100       86         1
                bssBANK1                            186      186       4A         1
                nvBANK1                             1FB      1FB        2         1

        CLASS   BANK2          

        CLASS   BANK3          

        CLASS   BANK4          

        CLASS   BANK5          

        CLASS   BANK6          

        CLASS   BANK7          

        CLASS   BANK8          

        CLASS   BANK9          

        CLASS   BANK10         

        CLASS   BANK11         

        CLASS   BANK12         

        CLASS   BANK13         

        CLASS   BANK14         

        CLASS   BANK15         

        CLASS   SFR            

        CLASS   BIGSFR         

        CLASS   CONFIG         
                config                           300000   300000        E         4

        CLASS   IDLOC          
                idloc                            200000   200000        8         5

        CLASS   EEDATA         

        CLASS   FARRAM         

        CLASS   HEAP           

        CLASS   STACK          



SEGMENTS        Name                           Load    Length   Top    Selector   Space  Class

                reset_vec                      000000  000004  000004         0       0  CODE    
                cstackCOMRAM                   000001  000069  00006A         1       1  COMRAM  
                intcode                        000008  00000A  000012         4       0  CODE    
                cstackBANK0                    000080  00006B  0000EB        80       1  BANK0   
                dataBANK1                      000100  0000FD  0001FD       100       1  BANK1   
                smallconst                     001000  000016  001016       800       0  SMALLCON
                text0                          001016  0046A8  0056BE       80B       0  CODE    


UNUSED ADDRESS RANGES

        Name                Unused          Largest block    Delta
        BANK0            0000EB-0000FF               15
        BANK1            0001FD-0001FF                3
        BANK10           000A00-000AFF              100
        BANK11           000B00-000BFF              100
        BANK12           000C00-000CFF              100
        BANK13           000D00-000DFF              100
        BANK14           000E00-000EFF              100
        BANK15           000F00-000F7F               80
        BANK2            000200-0002FF              100
        BANK3            000300-0003FF              100
        BANK4            000400-0004FF              100
        BANK5            000500-0005FF              100
        BANK6            000600-0006FF              100
        BANK7            000700-0007FF              100
        BANK8            000800-0008FF              100
        BANK9            000900-0009FF              100
        BIGRAM           00006A-00007F               16
                         0000EB-0000FF               15
                         0001FD-000F7F              D83
        BIGSFR           000F80-000FFF               80
        CODE             000004-000007                4
                         000012-000FFF              FEE
                         0056BE-00FFFF             A942
        COMRAM           00006A-00007F               16
        CONST            000004-000007                4
                         000012-000FFF              FEE
                         0056BE-00FFFF             A942
        EEDATA           F00000-F003FF              400
        MEDIUMCONST      0056BE-00FFFF             A942
        RAM              0000EB-0000FF               15
                         0001FD-000F7F              100
        SFR              000F80-000FFF               80
        SMALLCONST       0056BE-00FFFF              100

                                  Symbol Table

?_ADC_Channel_Selection                               cstackCOMRAM 00001A
?_ADC_Get_Conversion_Result                           cstackCOMRAM 000001
?_ADC_Intialization                                   cstackCOMRAM 00001A
?_ADC_Start_Conversion                                cstackCOMRAM 000017
?_ADC_Start_Conversion_Interrupt_Mode                 cstackCOMRAM 000020
?_CCP_PWM_Set_Duty                                    cstackBANK0  00009F
?_CCP_PWM_Start                                       cstackCOMRAM 000017
?_CCP_intialize                                       cstackBANK0  0000AB
?_Dc_Motor_Intialize                                  cstackCOMRAM 000026
?_Dc_Motor_Stop                                       cstackCOMRAM 000022
?_Dc_Motor_Turn_Left                                  cstackCOMRAM 000022
?_Dc_Motor_Turn_Right                                 cstackCOMRAM 000022
?_EXT_INTX_Intialize                                  cstackCOMRAM 000025
?_GPIO_Pin_Direction_Intialize                        cstackCOMRAM 000017
?_GPIO_Pin_Intialize                                  cstackCOMRAM 000022
?_GPIO_Pin_Toggle_Logic                               cstackCOMRAM 000017
?_GPIO_Pin_Write_Logic                                cstackCOMRAM 000017
?_Interrupt_INTX_Clear_Flag                           cstackCOMRAM 000017
?_Interrupt_INTX_Disable                              cstackCOMRAM 000017
?_Interrupt_INTX_Edge_Intiat                          cstackCOMRAM 000017
?_Interrupt_INTX_Enable                               cstackCOMRAM 000017
?_Interrupt_INTX_Pin_Intiat                           cstackCOMRAM 000021
?_Led_Intialize                                       cstackCOMRAM 000026
?_Led_Toggle                                          cstackCOMRAM 000020
?_Led_Turn_Off                                        cstackCOMRAM 000022
?_Led_Turn_On                                         cstackCOMRAM 000022
?_MSSP_SPI_Trancieve                                  cstackCOMRAM 000017
?_SPI_Init                                            cstackCOMRAM 000028
?_Segment_Intialize                                   cstackCOMRAM 000026
?_Segment_Write_Number                                cstackCOMRAM 00000C
?_Set_INTX_Handler                                    cstackCOMRAM 000019
?_Timer0_Intialization                                cstackCOMRAM 00001A
?_Timer2_Intialization                                cstackCOMRAM 000017
?___awdiv                                             cstackCOMRAM 000001
?___awmod                                             cstackCOMRAM 000001
?___fladd                                             cstackCOMRAM 00003E
?___fldiv                                             cstackCOMRAM 000025
?___flmul                                             cstackBANK0  000080
?___fltol                                             cstackBANK0  000095
?___lwdiv                                             cstackCOMRAM 00001D
?___wmul                                              cstackCOMRAM 000017
?___xxtofl                                            cstackCOMRAM 000017
?_servo_motor_intialize                               cstackBANK0  0000AF
?_timer3_init                                         cstackCOMRAM 000019
?i2_GPIO_Pin_Write_Logic                              cstackCOMRAM 000001
ADC_Channel_Selection@adc_                            cstackCOMRAM 00001A
ADC_Channel_Selection@channel                         cstackCOMRAM 00001C
ADC_Channel_Selection@ret                             cstackCOMRAM 00001E
ADC_Get_Conversion_Result@adc_                        cstackCOMRAM 000001
ADC_Get_Conversion_Result@conversion_Result           cstackCOMRAM 000003
ADC_Get_Conversion_Result@ret                         cstackCOMRAM 000008
ADC_Intialization@adc_                                cstackCOMRAM 00001A
ADC_Intialization@ret                                 cstackCOMRAM 00001D
ADC_Select_Voltage_Reference@adc_                     cstackCOMRAM 000017
ADC_Select_format_status@adc_                         cstackCOMRAM 000017
ADC_Set_Channel_As_Inbut@channel                      cstackCOMRAM 000019
ADC_Start_Conversion@adc_                             cstackCOMRAM 000017
ADC_Start_Conversion@ret                              cstackCOMRAM 000019
ADC_Start_Conversion_Interrupt_Mode@adc_              cstackCOMRAM 000020
ADC_Start_Conversion_Interrupt_Mode@channel           cstackCOMRAM 000022
ADC_Start_Conversion_Interrupt_Mode@ret               cstackCOMRAM 000023
CCP_Capture_Compare_Timer_Selection@_CCP_             cstackCOMRAM 000017
CCP_Compare_Mode_Config_@_CCP_                        cstackCOMRAM 00001A
CCP_Interrupt_Config@_CCP_                            cstackCOMRAM 000017
CCP_PWM_Config@_CCP_                                  cstackBANK0  00009F
CCP_PWM_Set_Duty@_CCP_                                cstackBANK0  00009F
CCP_PWM_Set_Duty@_duty                                cstackBANK0  0000A1
CCP_PWM_Set_Duty@l_duty_temp                          cstackBANK0  0000AD
CCP_PWM_Set_Duty@ret                                  cstackBANK0  0000AB
CCP_PWM_Start@_CCP_                                   cstackCOMRAM 000017
CCP_PWM_Start@ret                                     cstackCOMRAM 00001A
CCP_capture_Mode_Config_@_CCP_                        cstackCOMRAM 00001A
CCP_intialize@_CCP_                                   cstackBANK0  0000AB
CCP_intialize@ret                                     cstackBANK0  0000AD
Dc_Motor_Intialize@_dc_motor                          cstackCOMRAM 000026
Dc_Motor_Intialize@ret                                cstackCOMRAM 000028
Dc_Motor_Stop@_dc_motor                               cstackCOMRAM 000022
Dc_Motor_Stop@ret                                     cstackCOMRAM 000024
Dc_Motor_Turn_Left@_dc_motor                          cstackCOMRAM 000022
Dc_Motor_Turn_Left@ret                                cstackCOMRAM 000024
Dc_Motor_Turn_Right@_dc_motor                         cstackCOMRAM 000022
Dc_Motor_Turn_Right@ret                               cstackCOMRAM 000024
EXT_INTX_Intialize@int_obj                            cstackCOMRAM 000025
EXT_INTX_Intialize@ret                                cstackCOMRAM 000027
GPIO_Pin_Direction_Intialize@_Pin_Config_             cstackCOMRAM 000017
GPIO_Pin_Direction_Intialize@ret                      cstackCOMRAM 00001F
GPIO_Pin_Intialize@_Pin_Config_                       cstackCOMRAM 000022
GPIO_Pin_Intialize@ret                                cstackCOMRAM 000024
GPIO_Pin_Toggle_Logic@_Pin_Config_                    cstackCOMRAM 000017
GPIO_Pin_Toggle_Logic@ret                             cstackCOMRAM 00001E
GPIO_Pin_Write_Logic@Logic                            cstackCOMRAM 000019
GPIO_Pin_Write_Logic@_Pin_Config_                     cstackCOMRAM 000017
GPIO_Pin_Write_Logic@ret                              cstackCOMRAM 000020
Interrupt_INTX_Clear_Flag@int_obj                     cstackCOMRAM 000017
Interrupt_INTX_Clear_Flag@ret                         cstackCOMRAM 00001B
Interrupt_INTX_Disable@int_obj                        cstackCOMRAM 000017
Interrupt_INTX_Disable@ret                            cstackCOMRAM 00001B
Interrupt_INTX_Edge_Intiat@int_obj                    cstackCOMRAM 000017
Interrupt_INTX_Edge_Intiat@ret                        cstackCOMRAM 00001B
Interrupt_INTX_Enable@int_obj                         cstackCOMRAM 000017
Interrupt_INTX_Enable@ret                             cstackCOMRAM 00001B
Interrupt_INTX_Pin_Intiat@int_obj                     cstackCOMRAM 000021
Interrupt_INTX_Pin_Intiat@ret                         cstackCOMRAM 000023
Led_Intialize@F2820                                   bssCOMRAM    00005E
Led_Intialize@Led                                     cstackCOMRAM 000026
Led_Intialize@_pin_config_                            cstackCOMRAM 00002B
Led_Intialize@ret                                     cstackCOMRAM 000029
Led_Toggle@F2835                                      bssCOMRAM    00005B
Led_Toggle@Led                                        cstackCOMRAM 000020
Led_Toggle@_pin_config_                               cstackCOMRAM 000025
Led_Toggle@ret                                        cstackCOMRAM 000023
Led_Turn_Off@F2830                                    bssCOMRAM    00005C
Led_Turn_Off@Led                                      cstackCOMRAM 000022
Led_Turn_Off@_pin_config_                             cstackCOMRAM 000027
Led_Turn_Off@ret                                      cstackCOMRAM 000025
Led_Turn_On@F2825                                     bssCOMRAM    00005D
Led_Turn_On@Led                                       cstackCOMRAM 000022
Led_Turn_On@_pin_config_                              cstackCOMRAM 000027
Led_Turn_On@ret                                       cstackCOMRAM 000025
MSSP_SPI_Msster_Mode_GPIO_PIN_Configurations@F2867    dataBANK0    0000DC
MSSP_SPI_Msster_Mode_GPIO_PIN_Configurations@F2869    dataBANK0    0000DB
MSSP_SPI_Msster_Mode_GPIO_PIN_Configurations@F2871    dataBANK0    0000DA
MSSP_SPI_Msster_Mode_GPIO_PIN_Configurations@SPI_SCK  cstackCOMRAM 000023
MSSP_SPI_Msster_Mode_GPIO_PIN_Configurations@SPI_SDI  cstackCOMRAM 000022
MSSP_SPI_Msster_Mode_GPIO_PIN_Configurations@SPI_SDO  cstackCOMRAM 000021
MSSP_SPI_Slave_Mode_GPIO_PIN_Configurations@F2876     dataBANK0    0000D9
MSSP_SPI_Slave_Mode_GPIO_PIN_Configurations@F2878     dataBANK0    0000D8
MSSP_SPI_Slave_Mode_GPIO_PIN_Configurations@F2880     dataBANK0    0000D7
MSSP_SPI_Slave_Mode_GPIO_PIN_Configurations@F2882     dataBANK0    0000D6
MSSP_SPI_Slave_Mode_GPIO_PIN_Configurations@SPI_SCK   cstackCOMRAM 000026
MSSP_SPI_Slave_Mode_GPIO_PIN_Configurations@SPI_SDI   cstackCOMRAM 000025
MSSP_SPI_Slave_Mode_GPIO_PIN_Configurations@SPI_SDO   cstackCOMRAM 000024
MSSP_SPI_Slave_Mode_GPIO_PIN_Configurations@SPI_SS    cstackCOMRAM 000027
MSSP_SPI_Slave_Mode_GPIO_PIN_Configurations@_SPI_     cstackCOMRAM 000021
MSSP_SPI_Trancieve@rec_data                           cstackCOMRAM 000017
MSSP_SPI_Trancieve@ret                                cstackCOMRAM 00001A
MSSP_SPI_Trancieve@send_data                          cstackCOMRAM 000019
RB4_ISR@state                                         cstackCOMRAM 000001
RB5_ISR@state                                         cstackCOMRAM 000001
RB6_ISR@state                                         cstackCOMRAM 000001
RB7_ISR@state                                         cstackCOMRAM 000001
Relay_Intialize@F2818                                 bssCOMRAM    00005A
Relay_Turn_Off@F2829                                  bssCOMRAM    000058
Relay_Turn_On@F2823                                   bssCOMRAM    000059
SPI_Init@_SPI_                                        cstackCOMRAM 000028
SPI_Init@ret                                          cstackCOMRAM 00002B
Segment_Intialize@ret                                 cstackCOMRAM 000028
Segment_Intialize@segment                             cstackCOMRAM 000026
Segment_Write_Number@number                           cstackCOMRAM 00000E
Segment_Write_Number@ret                              cstackCOMRAM 00000F
Segment_Write_Number@segment                          cstackCOMRAM 00000C
Set_INT0_Handler@INTX_interruptHandler                cstackCOMRAM 000017
Set_INT1_Handler@INTX_interruptHandler                cstackCOMRAM 000017
Set_INT2_Handler@INTx_interruptHandler                cstackCOMRAM 000017
Set_INTX_Handler@int_obj                              cstackCOMRAM 000019
Set_INTX_Handler@ret                                  cstackCOMRAM 00001D
Timer0_Bit_Mode_Select@timer0_                        cstackCOMRAM 000017
Timer0_Intialization@ret                              cstackCOMRAM 00001E
Timer0_Intialization@timer0_                          cstackCOMRAM 00001A
Timer0_Mode_Select@timer0_                            cstackCOMRAM 000017
Timer0_Prescaler_Config@timer0_                       cstackCOMRAM 000017
Timer2_Intialization@ret                              cstackCOMRAM 00001A
Timer2_Intialization@timer2_                          cstackCOMRAM 000017
Timer3_mode_select@_timer                             cstackCOMRAM 000017
_ADCON0bits                                           (abs)        000FC2
_ADCON1bits                                           (abs)        000FC1
_ADCON2bits                                           (abs)        000FC0
_ADC_Channel_Selection                                text59       005168
_ADC_Get_Conversion_Result                            text89       003BFC
_ADC_ISR                                              text87       0054EC
_ADC_Intialization                                    text39       003DBC
_ADC_Select_Voltage_Reference                         text41       005256
_ADC_Select_format_status                             text40       0052E6
_ADC_Set_Channel_As_Inbut                             text60       003CEA
_ADC_Start_Conversion                                 text58       005552
_ADC_Start_Conversion_Interrupt_Mode                  text57       00520A
_ADC_interruptHandler                                 bssBANK0     0000C2
_ADRESH                                               (abs)        000FC4
_ADRESL                                               (abs)        000FC3
_BAUDCONbits                                          (abs)        000FB8
_Buzzer                                               dataBANK0    0000E1
_CCP1CONbits                                          (abs)        000FBD
_CCP1_ISR                                             text86       0056B6
_CCP1_IntterruptHandeler                              bssBANK1     0001C5
_CCP2CONbits                                          (abs)        000FBA
_CCP2_ISR                                             text85       0056B2
_CCP2_IntterruptHandeler                              bssBANK1     0001C3
_CCPR1L                                               (abs)        000FBE
_CCPR2L                                               (abs)        000FBB
_CCP_Capture_Compare_Timer_Selection                  text19       004D82
_CCP_Compare_Mode_Config_                             text18       003130
_CCP_Interrupt_Config                                 text17       004DF2
_CCP_PWM_Config                                       text11       002AB0
_CCP_PWM_Config$6070                                  cstackBANK0  0000A3
_CCP_PWM_Config$6071                                  cstackBANK0  0000A7
_CCP_PWM_Set_Duty                                     text3        002E44
_CCP_PWM_Set_Duty$6069                                cstackBANK0  0000A7
_CCP_PWM_Start                                        text2        004C9A
_CCP_capture_Mode_Config_                             text10       0037A6
_CCP_intialize                                        text9        003B02
_Dc_Motor_Intialize                                   text36       0050B4
_Dc_Motor_Stop                                        text55       004F94
_Dc_Motor_Turn_Left                                   text54       004F30
_Dc_Motor_Turn_Right                                  text53       004ECC
_ECCP1ASbits                                          (abs)        000FB6
_ECCP_ISR                                             text84       0056AE
_ECCP_IntterruptHandeler_                             bssBANK1     0001C1
_EEADR                                                (abs)        000FA9
_EEADRH                                               (abs)        000FAA
_EECON1bits                                           (abs)        000FA6
_EECON2                                               (abs)        000FA7
_EEDATA                                               (abs)        000FA8
_EUSART_FRAMINGERRORDefaultHandler_                   bssBANK1     00019D
_EUSART_OVERRUNERRORDefaultHandler_                   bssBANK1     00019B
_EXT_INTX_Intialize                                   text26       0044F8
_GPIO_Pin_Direction_Intialize                         text38       00328A
_GPIO_Pin_Intialize                                   text37       004FF8
_GPIO_Pin_Toggle_Logic                                text52       00444E
_GPIO_Pin_Write_Logic                                 text56       0033DC
_I2C_DefaultInterruptHandle                           bssBANK1     0001BD
_I2C_Report_Write_Collision_InterruptHandler          bssBANK1     0001BF
_INT0_ISR                                             text82       0054B8
_INT0_interruptHandler                                bssBANK0     0000C0
_INT1_ISR                                             text81       005484
_INT1_interruptHandler                                bssBANK0     0000BE
_INT2_ISR                                             text80       005450
_INT2_interruptHandler                                bssBANK0     0000BC
_INTCON2bits                                          (abs)        000FF1
_INTCON3bits                                          (abs)        000FF0
_INTCONbits                                           (abs)        000FF2
_ISR_INT1                                             text83       00569C
_Int_1                                                dataBANK1    000162
_InterruptManagerHigh                                 intcode      000008
_Interrupt_INTX_Clear_Flag                            text35       004B9C
_Interrupt_INTX_Disable                               text34       004B1C
_Interrupt_INTX_Edge_Intiat                           text33       003668
_Interrupt_INTX_Enable                                text32       004986
_Interrupt_INTX_Pin_Intiat                            text31       00532A
_Key_Pad_Array                                        smallconst   001001
_LATA                                                 (abs)        000F89
_LATB                                                 (abs)        000F8A
_LATC                                                 (abs)        000F8B
_LATD                                                 (abs)        000F8C
_LATE                                                 (abs)        000F8D
_Lat_Reg                                              dataBANK1    00013E
_Led_Intialize                                        text21       00486A
_Led_Toggle                                           text51       0048F8
_Led_Turn_Off                                         text50       0046BC
_Led_Turn_On                                          text49       00462A
_MSSP_I2C_BC_ISR                                      text79       0056AA
_MSSP_I2C_ISR                                         text78       0056A6
_MSSP_SPI_Msster_Mode_GPIO_PIN_Configurations         text25       005520
_MSSP_SPI_Slave_Mode_GPIO_PIN_Configurations          text24       005058
_MSSP_SPI_Trancieve                                   text48       0051BC
_PIE1bits                                             (abs)        000F9D
_PIE2bits                                             (abs)        000FA0
_PIR1bits                                             (abs)        000F9E
_PIR2bits                                             (abs)        000FA1
_PORTA                                                (abs)        000F80
_PORTB                                                (abs)        000F81
_PORTBbits                                            (abs)        000F81
_PORTC                                                (abs)        000F82
_PORTD                                                (abs)        000F83
_PORTE                                                (abs)        000F84
_PR2                                                  (abs)        000FCB
_PWM1CONbits                                          (abs)        000FB7
_Port_Reg                                             dataBANK1    000134
_RB4_ISR                                              text77       005658
_RB4_flag                                             dataCOMRAM   000062
_RB4_interruptHandler_High                            bssBANK1     0001B9
_RB4_interruptHandler_Low                             bssBANK1     0001B7
_RB5_ISR                                              text76       00563E
_RB5_flag                                             dataCOMRAM   000061
_RB5_interruptHandler_High                            bssBANK1     0001B5
_RB5_interruptHandler_Low                             bssBANK1     0001B3
_RB6_ISR                                              text75       005624
_RB6_flag                                             dataCOMRAM   000060
_RB6_interruptHandler_High                            bssBANK1     0001B1
_RB6_interruptHandler_Low                             bssBANK1     0001AF
_RB7_ISR                                              text74       00560A
_RB7_flag                                             dataCOMRAM   00005F
_RB7_interruptHandler_High                            bssBANK1     0001AD
_RB7_interruptHandler_Low                             bssBANK1     0001AB
_RCREG                                                (abs)        000FAE
_RCSTAbits                                            (abs)        000FAB
_SPBRG                                                (abs)        000FAF
_SPBRGH                                               (abs)        000FB0
_SPI_Init                                             text23       002FD2
_SSPADD                                               (abs)        000FC8
_SSPBUF                                               (abs)        000FC9
_SSPCON1bits                                          (abs)        000FC6
_SSPCON2bits                                          (abs)        000FC5
_SSPSTATbits                                          (abs)        000FC7
_Segment_Intialize                                    text22       004A98
_Segment_Write_Number                                 text72       004186
_Set_INT0_Handler                                     text30       0055EA
_Set_INT1_Handler                                     text29       0055CA
_Set_INT2_Handler                                     text28       0055AA
_Set_INTX_Handler                                     text27       0040D0
_Start_status                                         bssBANK0     0000D3
_T0CONbits                                            (abs)        000FD5
_T1CONbits                                            (abs)        000FCD
_T2CONbits                                            (abs)        000FCA
_T3CONbits                                            (abs)        000FB1
_TIMER0_ISR                                           text68       0053A8
_TIMER0_IntterruptHandeler                            bssBANK0     0000BA
_TIMER1_ISR                                           text67       005692
_TIMER1_IntterruptHandeler                            bssBANK1     0001A9
_TIMER2_ISR                                           text66       0056BC
_TIMER3_ISR                                           text64       0053E4
_TIMER3_InterruptHandler                              bssBANK1     0001A5
_TMR0H                                                (abs)        000FD7
_TMR0L                                                (abs)        000FD6
_TMR1H                                                (abs)        000FCF
_TMR1L                                                (abs)        000FCE
_TMR2                                                 (abs)        000FCC
_TMR3H                                                (abs)        000FB3
_TMR3L                                                (abs)        000FB2
_TRISA                                                (abs)        000F92
_TRISB                                                (abs)        000F93
_TRISC                                                (abs)        000F94
_TRISCbits                                            (abs)        000F94
_TRISD                                                (abs)        000F95
_TRISE                                                (abs)        000F96
_TXREG                                                (abs)        000FAD
_TXSTAbits                                            (abs)        000FAC
_Timer0_Bit_Mode_Select                               text47       00536A
_Timer0_Intialization                                 text44       00423C
_Timer0_Mode_Select                                   text46       004C1C
_Timer0_Prescaler_Config                              text45       005110
_Timer2_Intialization                                 text8        0047DC
_Timer3_mode_select                                   text6        0052A0
_Tris_Reg                                             dataBANK1    000148
_USART_RX_ISR                                         text63       0056BA
_USART_RX_IntterruptHandeler_                         bssBANK1     00019F
_USART_TX_ISR                                         text62       0056A2
_USART_TX_IntterruptHandeler_                         bssBANK1     0001A1
_Water_drainage                                       dataBANK0    0000E3
__HRAM                                                (abs)        000000
__H__absolute__                                       __absolute__ 000000
__Habs1                                               abs1         000000
__Hbank0                                              bank0        000000
__Hbank1                                              bank1        000000
__Hbank10                                             bank10       000000
__Hbank11                                             bank11       000000
__Hbank12                                             bank12       000000
__Hbank13                                             bank13       000000
__Hbank14                                             bank14       000000
__Hbank15                                             bank15       000000
__Hbank2                                              bank2        000000
__Hbank3                                              bank3        000000
__Hbank4                                              bank4        000000
__Hbank5                                              bank5        000000
__Hbank6                                              bank6        000000
__Hbank7                                              bank7        000000
__Hbank8                                              bank8        000000
__Hbank9                                              bank9        000000
__Hbigbss                                             bigbss       000000
__Hbigdata                                            bigdata      000000
__Hbigram                                             bigram       000000
__Hbigsfr                                             bigsfr       000000
__Hbss                                                bss          000000
__HbssBANK0                                           bssBANK0     000000
__HbssBANK1                                           bssBANK1     000000
__HbssCOMRAM                                          bssCOMRAM    000000
__Hcinit                                              cinit        000000
__Hclrtext                                            clrtext      000000
__Hcomram                                             comram       000000
__Hconfig                                             config       30000E
__Hconst                                              const        000000
__HcstackBANK0                                        cstackBANK0  000000
__HcstackBANK1                                        cstackBANK1  000000
__HcstackCOMRAM                                       cstackCOMRAM 000000
__Hdata                                               data         000000
__HdataBANK0                                          dataBANK0    000000
__HdataBANK1                                          dataBANK1    000000
__HdataCOMRAM                                         dataCOMRAM   000000
__Heeprom_data                                        eeprom_data  000000
__Hfarbss                                             farbss       000000
__Hfardata                                            fardata      000000
__Hheap                                               heap         000000
__Hibigdata                                           ibigdata     000000
__Hidata                                              idata        000000
__HidataBANK0                                         idataBANK0   000000
__HidataBANK1                                         idataBANK1   000000
__HidataCOMRAM                                        idataCOMRAM  000000
__Hidloc                                              idloc        200008
__Hifardata                                           ifardata     000000
__Hinit                                               init         000012
__Hintcode                                            intcode      00000E
__Hintcode_body                                       intcode_body 000000
__Hintcodelo                                          intcodelo    00000E
__Hintentry                                           intentry     000000
__Hintret                                             intret       000000
__Hintsave_regs                                       intsave_regs 000000
__Hirdata                                             irdata       000000
__Hmediumconst                                        mediumconst  000000
__HnvBANK1                                            nvBANK1      000000
__HnvFARRAM                                           nvFARRAM     000000
__Hnvbit                                              nvbit        000000
__Hnvrram                                             nvrram       000000
__Hparam                                              rparam       000000
__Hpowerup                                            powerup      00000E
__Hram                                                ram          000000
__Hramtop                                             ramtop       001000
__Hrbit                                               rbit         000000
__Hrbss                                               rbss         000000
__Hrdata                                              rdata        000000
__Hreset_vec                                          reset_vec    000004
__Hrparam                                             rparam       000000
__Hsfr                                                sfr          000000
__Hsmallconst                                         smallconst   001016
__Hspace_0                                            (abs)        0056BE
__Hspace_1                                            (abs)        0001FD
__Hspace_2                                            (abs)        000000
__Hspace_4                                            (abs)        60000E
__Hstack                                              stack        000000
__Hstruct                                             struct       000000
__Htemp                                               temp         00006A
__Htext                                               text         000000
__Htext0                                              text0        000000
__Htext1                                              text1        000000
__Htext10                                             text10       000000
__Htext11                                             text11       000000
__Htext12                                             text12       000000
__Htext13                                             text13       000000
__Htext14                                             text14       000000
__Htext15                                             text15       000000
__Htext16                                             text16       000000
__Htext17                                             text17       000000
__Htext18                                             text18       000000
__Htext19                                             text19       000000
__Htext2                                              text2        000000
__Htext20                                             text20       000000
__Htext21                                             text21       000000
__Htext22                                             text22       000000
__Htext23                                             text23       000000
__Htext24                                             text24       000000
__Htext25                                             text25       000000
__Htext26                                             text26       000000
__Htext27                                             text27       000000
__Htext28                                             text28       000000
__Htext29                                             text29       000000
__Htext3                                              text3        000000
__Htext30                                             text30       000000
__Htext31                                             text31       000000
__Htext32                                             text32       000000
__Htext33                                             text33       000000
__Htext34                                             text34       000000
__Htext35                                             text35       000000
__Htext36                                             text36       000000
__Htext37                                             text37       000000
__Htext38                                             text38       000000
__Htext39                                             text39       000000
__Htext4                                              text4        000000
__Htext40                                             text40       000000
__Htext41                                             text41       000000
__Htext42                                             text42       000000
__Htext43                                             text43       000000
__Htext44                                             text44       000000
__Htext45                                             text45       000000
__Htext46                                             text46       000000
__Htext47                                             text47       000000
__Htext48                                             text48       000000
__Htext49                                             text49       000000
__Htext5                                              text5        000000
__Htext50                                             text50       000000
__Htext51                                             text51       000000
__Htext52                                             text52       000000
__Htext53                                             text53       000000
__Htext54                                             text54       000000
__Htext55                                             text55       000000
__Htext56                                             text56       000000
__Htext57                                             text57       000000
__Htext58                                             text58       000000
__Htext59                                             text59       000000
__Htext6                                              text6        000000
__Htext60                                             text60       000000
__Htext62                                             text62       000000
__Htext63                                             text63       000000
__Htext64                                             text64       000000
__Htext65                                             text65       000000
__Htext66                                             text66       000000
__Htext67                                             text67       000000
__Htext68                                             text68       000000
__Htext69                                             text69       000000
__Htext7                                              text7        000000
__Htext70                                             text70       000000
__Htext71                                             text71       000000
__Htext72                                             text72       000000
__Htext73                                             text73       000000
__Htext74                                             text74       000000
__Htext75                                             text75       000000
__Htext76                                             text76       000000
__Htext77                                             text77       000000
__Htext78                                             text78       000000
__Htext79                                             text79       000000
__Htext8                                              text8        000000
__Htext80                                             text80       000000
__Htext81                                             text81       000000
__Htext82                                             text82       000000
__Htext83                                             text83       000000
__Htext84                                             text84       000000
__Htext85                                             text85       000000
__Htext86                                             text86       000000
__Htext87                                             text87       000000
__Htext88                                             text88       000000
__Htext89                                             text89       000000
__Htext9                                              text9        000000
__Htext90                                             text90       000000
__LRAM                                                (abs)        000001
__L__absolute__                                       __absolute__ 000000
__Labs1                                               abs1         000000
__Lbank0                                              bank0        000000
__Lbank1                                              bank1        000000
__Lbank10                                             bank10       000000
__Lbank11                                             bank11       000000
__Lbank12                                             bank12       000000
__Lbank13                                             bank13       000000
__Lbank14                                             bank14       000000
__Lbank15                                             bank15       000000
__Lbank2                                              bank2        000000
__Lbank3                                              bank3        000000
__Lbank4                                              bank4        000000
__Lbank5                                              bank5        000000
__Lbank6                                              bank6        000000
__Lbank7                                              bank7        000000
__Lbank8                                              bank8        000000
__Lbank9                                              bank9        000000
__Lbigbss                                             bigbss       000000
__Lbigdata                                            bigdata      000000
__Lbigram                                             bigram       000000
__Lbigsfr                                             bigsfr       000000
__Lbss                                                bss          000000
__LbssBANK0                                           bssBANK0     000000
__LbssBANK1                                           bssBANK1     000000
__LbssCOMRAM                                          bssCOMRAM    000000
__Lcinit                                              cinit        000000
__Lclrtext                                            clrtext      000000
__Lcomram                                             comram       000000
__Lconfig                                             config       000000
__Lconst                                              const        000000
__LcstackBANK0                                        cstackBANK0  000000
__LcstackBANK1                                        cstackBANK1  000000
__LcstackCOMRAM                                       cstackCOMRAM 000000
__Ldata                                               data         000000
__LdataBANK0                                          dataBANK0    000000
__LdataBANK1                                          dataBANK1    000000
__LdataCOMRAM                                         dataCOMRAM   000000
__Leeprom_data                                        eeprom_data  000000
__Lfarbss                                             farbss       000000
__Lfardata                                            fardata      000000
__Lheap                                               heap         000000
__Libigdata                                           ibigdata     000000
__Lidata                                              idata        000000
__LidataBANK0                                         idataBANK0   000000
__LidataBANK1                                         idataBANK1   000000
__LidataCOMRAM                                        idataCOMRAM  000000
__Lidloc                                              idloc        000000
__Lifardata                                           ifardata     000000
__Linit                                               init         00000E
__Lintcode                                            intcode      000008
__Lintcode_body                                       intcode_body 000000
__Lintcodelo                                          intcodelo    00000E
__Lintentry                                           intentry     000000
__Lintret                                             intret       000000
__Lintsave_regs                                       intsave_regs 000000
__Lirdata                                             irdata       000000
__Lmediumconst                                        mediumconst  000000
__LnvBANK1                                            nvBANK1      000000
__LnvFARRAM                                           nvFARRAM     000000
__Lnvbit                                              nvbit        000000
__Lnvrram                                             nvrram       000000
__Lparam                                              rparam       000000
__Lpowerup                                            powerup      00000E
__Lram                                                ram          000000
__Lramtop                                             ramtop       001000
__Lrbit                                               rbit         000000
__Lrbss                                               rbss         000000
__Lrdata                                              rdata        000000
__Lreset_vec                                          reset_vec    000000
__Lrparam                                             rparam       000000
__Lsfr                                                sfr          000000
__Lsmallconst                                         smallconst   001000
__Lspace_0                                            (abs)        000000
__Lspace_1                                            (abs)        000000
__Lspace_2                                            (abs)        000000
__Lspace_4                                            (abs)        000000
__Lstack                                              stack        000000
__Lstruct                                             struct       000000
__Ltemp                                               temp         000069
__Ltext                                               text         000000
__Ltext0                                              text0        000000
__Ltext1                                              text1        000000
__Ltext10                                             text10       000000
__Ltext11                                             text11       000000
__Ltext12                                             text12       000000
__Ltext13                                             text13       000000
__Ltext14                                             text14       000000
__Ltext15                                             text15       000000
__Ltext16                                             text16       000000
__Ltext17                                             text17       000000
__Ltext18                                             text18       000000
__Ltext19                                             text19       000000
__Ltext2                                              text2        000000
__Ltext20                                             text20       000000
__Ltext21                                             text21       000000
__Ltext22                                             text22       000000
__Ltext23                                             text23       000000
__Ltext24                                             text24       000000
__Ltext25                                             text25       000000
__Ltext26                                             text26       000000
__Ltext27                                             text27       000000
__Ltext28                                             text28       000000
__Ltext29                                             text29       000000
__Ltext3                                              text3        000000
__Ltext30                                             text30       000000
__Ltext31                                             text31       000000
__Ltext32                                             text32       000000
__Ltext33                                             text33       000000
__Ltext34                                             text34       000000
__Ltext35                                             text35       000000
__Ltext36                                             text36       000000
__Ltext37                                             text37       000000
__Ltext38                                             text38       000000
__Ltext39                                             text39       000000
__Ltext4                                              text4        000000
__Ltext40                                             text40       000000
__Ltext41                                             text41       000000
__Ltext42                                             text42       000000
__Ltext43                                             text43       000000
__Ltext44                                             text44       000000
__Ltext45                                             text45       000000
__Ltext46                                             text46       000000
__Ltext47                                             text47       000000
__Ltext48                                             text48       000000
__Ltext49                                             text49       000000
__Ltext5                                              text5        000000
__Ltext50                                             text50       000000
__Ltext51                                             text51       000000
__Ltext52                                             text52       000000
__Ltext53                                             text53       000000
__Ltext54                                             text54       000000
__Ltext55                                             text55       000000
__Ltext56                                             text56       000000
__Ltext57                                             text57       000000
__Ltext58                                             text58       000000
__Ltext59                                             text59       000000
__Ltext6                                              text6        000000
__Ltext60                                             text60       000000
__Ltext62                                             text62       000000
__Ltext63                                             text63       000000
__Ltext64                                             text64       000000
__Ltext65                                             text65       000000
__Ltext66                                             text66       000000
__Ltext67                                             text67       000000
__Ltext68                                             text68       000000
__Ltext69                                             text69       000000
__Ltext7                                              text7        000000
__Ltext70                                             text70       000000
__Ltext71                                             text71       000000
__Ltext72                                             text72       000000
__Ltext73                                             text73       000000
__Ltext74                                             text74       000000
__Ltext75                                             text75       000000
__Ltext76                                             text76       000000
__Ltext77                                             text77       000000
__Ltext78                                             text78       000000
__Ltext79                                             text79       000000
__Ltext8                                              text8        000000
__Ltext80                                             text80       000000
__Ltext81                                             text81       000000
__Ltext82                                             text82       000000
__Ltext83                                             text83       000000
__Ltext84                                             text84       000000
__Ltext85                                             text85       000000
__Ltext86                                             text86       000000
__Ltext87                                             text87       000000
__Ltext88                                             text88       000000
__Ltext89                                             text89       000000
__Ltext9                                              text9        000000
__Ltext90                                             text90       000000
__S0                                                  (abs)        0056BE
__S1                                                  (abs)        0001FD
__S4                                                  (abs)        000000
__S5                                                  (abs)        000000
___awdiv                                              text71       003F54
___awdiv@counter                                      cstackCOMRAM 000005
___awdiv@dividend                                     cstackCOMRAM 000001
___awdiv@divisor                                      cstackCOMRAM 000003
___awdiv@quotient                                     cstackCOMRAM 000007
___awdiv@sign                                         cstackCOMRAM 000006
___awmod                                              text70       00439E
___awmod@counter                                      cstackCOMRAM 000005
___awmod@dividend                                     cstackCOMRAM 000001
___awmod@divisor                                      cstackCOMRAM 000003
___awmod@sign                                         cstackCOMRAM 000006
___fladd                                              text16       0016A4
___fladd@a                                            cstackCOMRAM 000042
___fladd@aexp                                         cstackCOMRAM 00004B
___fladd@b                                            cstackCOMRAM 00003E
___fladd@bexp                                         cstackCOMRAM 00004C
___fladd@grs                                          cstackCOMRAM 00004D
___fladd@signs                                        cstackCOMRAM 00004A
___fldiv                                              text15       0023D6
___fldiv@a                                            cstackCOMRAM 000029
___fldiv@aexp                                         cstackCOMRAM 00003D
___fldiv@b                                            cstackCOMRAM 000025
___fldiv@bexp                                         cstackCOMRAM 00003C
___fldiv@grs                                          cstackCOMRAM 000038
___fldiv@new_exp                                      cstackCOMRAM 000036
___fldiv@rem                                          cstackCOMRAM 000031
___fldiv@sign                                         cstackCOMRAM 000035
___flmul                                              text14       001FAA
___flmul@a                                            cstackBANK0  000084
___flmul@aexp                                         cstackBANK0  000089
___flmul@b                                            cstackBANK0  000080
___flmul@bexp                                         cstackBANK0  00008E
___flmul@grs                                          cstackBANK0  00008A
___flmul@prod                                         cstackBANK0  00008F
___flmul@sign                                         cstackBANK0  000088
___flmul@temp                                         cstackBANK0  000093
___fltol                                              text13       0039FA
___fltol@exp1                                         cstackBANK0  00009E
___fltol@f1                                           cstackBANK0  000095
___fltol@sign1                                        cstackBANK0  00009D
___heap_hi                                            (abs)        000000
___heap_lo                                            (abs)        000000
___inthi_sp                                           stack        000000
___intlo_sp                                           stack        000000
___lwdiv                                              text43       004D0E
___lwdiv@counter                                      cstackCOMRAM 000023
___lwdiv@dividend                                     cstackCOMRAM 00001D
___lwdiv@divisor                                      cstackCOMRAM 00001F
___lwdiv@quotient                                     cstackCOMRAM 000021
[...]
__ptext4                                              text4        0038D8
__ptext40                                             text40       0052E6
__ptext41                                             text41       005256
__ptext42                                             text42       005584
__ptext43                                             text43       004D0E
__ptext44                                             text44       00423C
__ptext45                                             text45       005110
__ptext46                                             text46       004C1C
__ptext47                                             text47       00536A
__ptext48                                             text48       0051BC
__ptext49                                             text49       00462A
__ptext5                                              text5        004018
__ptext50                                             text50       0046BC
__ptext51                                             text51       0048F8
__ptext52                                             text52       00444E
__ptext53                                             text53       004ECC
__ptext54                                             text54       004F30
__ptext55                                             text55       004F94
__ptext56                                             text56       0033DC
__ptext57                                             text57       00520A
__ptext58                                             text58       005552
__ptext59                                             text59       005168
__ptext6                                              text6        0052A0
__ptext60                                             text60       003CEA
__ptext62                                             text62       0056A2
__ptext63                                             text63       0056BA
__ptext64                                             text64       0053E4
__ptext65                                             text65       00541C
__ptext66                                             text66       0056BC
__ptext67                                             text67       005692
__ptext68                                             text68       0053A8
__ptext69                                             text69       003E8A
__ptext7                                              text7        0042EE
__ptext70                                             text70       00439E
__ptext71                                             text71       003F54
__ptext72                                             text72       004186
__ptext73                                             text73       003522
__ptext74                                             text74       00560A
__ptext75                                             text75       005624
__ptext76                                             text76       00563E
__ptext77                                             text77       005658
__ptext78                                             text78       0056A6
__ptext79                                             text79       0056AA
__ptext8                                              text8        0047DC
__ptext80                                             text80       005450
__ptext81                                             text81       005484
__ptext82                                             text82       0054B8
__ptext83                                             text83       00569C
__ptext84                                             text84       0056AE
__ptext85                                             text85       0056B2
__ptext86                                             text86       0056B6
__ptext87                                             text87       0054EC
__ptext88                                             text88       004E60
__ptext89                                             text89       003BFC
__ptext9                                              text9        003B02
__ptext90                                             text90       000000
__ramtop                                              ramtop       001000
__smallconst                                          smallconst   001000
_adc_flag                                             bssBANK0     0000CB
_adc_isr                                              text88       004E60
_adc_temp_wl                                          dataBANK1    000174
_array_slave                                          bssBANK1     0001C7
_ccp1                                                 dataBANK1    000155
_conv_result_temp                                     bssBANK1     0001CE
_conv_result_water_level                              bssBANK1     0001CC
_dc_motor1                                            dataBANK0    0000DF
_dc_motor2                                            dataBANK0    0000DD
_dummy                                                bssBANK0     0000CE
_ecu_intialize                                        text20       004598
_end_of_washing                                       bssBANK0     0000C5
_flag_stop                                            dataBANK0    0000D5
_flag_temp                                            bssBANK0     0000CC
_flag_water                                           bssBANK0     0000CD
_intialization                                        text4        0038D8
_led_cold                                             dataBANK0    0000E6
_led_door                                             dataCOMRAM   000068
_led_hot                                              dataBANK0    0000E4
_led_level_1                                          dataCOMRAM   000067
_led_level_2                                          dataCOMRAM   000066
_led_level_3                                          dataCOMRAM   000065
_led_motor                                            dataBANK0    0000E2
_led_rainse_1                                         dataBANK0    0000E8
_led_rainse_2                                         dataBANK0    0000E7
_led_warm                                             dataBANK0    0000E5
_main                                                 text0        001016
_minutes                                              bssBANK0     0000C9
_num_of_minutes                                       bssBANK0     0000C4
_num_on_7seg                                          bssCOMRAM    000057
_pre_load                                             bssCOMRAM    000055
_pre_load@mcal_timer1$F4016                           bssCOMRAM    000053
_pre_load@mcal_timer2$F4119                           bssBANK1     0001A7
_rainse_level_status                                  bssBANK0     0000D0
_ret                                                  nvBANK1      0001FB
_second_                                              bssBANK0     0000CA
_seg_en_1                                             dataCOMRAM   000064
_seg_en_2                                             dataCOMRAM   000063
_segment                                              dataBANK1    00017F
_segment2                                             dataBANK1    00017A
_servo_motor_intialize                                text7        0042EE
_servo_motor_set_angle                                text1        002770
_spi_slave                                            dataBANK1    000184
_temp_level_status                                    bssBANK0     0000CF
_temperature                                          bssBANK0     0000B8
_time_of_prog                                         bssBANK0     0000C8
_time_of_raisne                                       bssBANK0     0000C6
_time_of_washing                                      bssBANK0     0000C7
_timer0                                               dataBANK1    000168
_timer0_isr                                           text69       003E8A
_timer3                                               dataBANK1    00016E
_timer3_init                                          text5        004018
_timer3_isr                                           text65       00541C
_timer3_preload_value                                 bssBANK1     0001A3
_wash_L_1                                             bssBANK0     0000D4
_wash_L_2                                             dataBANK0    0000EA
_wash_L_3                                             dataBANK0    0000E9
_wash_level_status                                    bssBANK0     0000D1
_water_level                                          bssBANK0     0000B6
_water_level_status                                   bssBANK0     0000D2
btemp                                                 temp         000069
end_of_initialization                                 cinit        0047D2
i2GPIO_Pin_Write_Logic@Logic                          cstackCOMRAM 000003
i2GPIO_Pin_Write_Logic@_Pin_Config_                   cstackCOMRAM 000001
i2GPIO_Pin_Write_Logic@ret                            cstackCOMRAM 00000A
i2_GPIO_Pin_Write_Logic                               text73       003522
int$flags                                             temp         000069
int_func                                              intcode_body 001B64
intlevel0                                             text         000000
intlevel1                                             text         000000
intlevel2                                             text         000000
intlevel3                                             text         000000
isa$std                                               (abs)        000001
isa$xinst                                             (abs)        000000
main@count                                            cstackBANK0  0000B5
servo_motor_intialize@F2926                           dataBANK1    000152
servo_motor_intialize@F2928                           dataBANK1    000127
servo_motor_intialize@F2931                           dataBANK1    00011A
servo_motor_intialize@PWM                             cstackBANK1  0001D5
servo_motor_intialize@PWM_670                         cstackBANK1  0001E2
servo_motor_intialize@ret                             cstackBANK1  0001D3
servo_motor_intialize@servo                           cstackBANK0  0000AF
servo_motor_intialize@timer_2                         cstackBANK1  0001D0
servo_motor_set_angle@F2943                           dataBANK1    00010D
servo_motor_set_angle@F2946                           dataBANK1    000100
servo_motor_set_angle@PWM                             cstackBANK1  0001E1
servo_motor_set_angle@PWM_748                         cstackBANK1  0001EE
servo_motor_set_angle@T_on                            cstackBANK1  0001DD
servo_motor_set_angle@_duty                           cstackBANK1  0001D5
servo_motor_set_angle@angle                           cstackBANK0  0000B1
servo_motor_set_angle@range                           cstackBANK1  0001D0
servo_motor_set_angle@range_of_angle                  cstackBANK1  0001D4
servo_motor_set_angle@rate                            cstackBANK1  0001D9
servo_motor_set_angle@servo                           cstackBANK0  0000AF
stackhi                                               (abs)        000000
stacklo                                               (abs)        000000
start                                                 init         00000E
start_initialization                                  cinit        00474E
timer3_init@_timer                                    cstackCOMRAM 000019
timer3_init@ret                                       cstackCOMRAM 00001D
ttemp5                                                temp         00006A
ttemp6                                                temp         00006D
ttemp7                                                temp         000071
wtemp8                                                temp         00006A


MODULE INFORMATION

Module		Function		Class		Link	Load	Size
C:\Program Files\Microchip\xc8\v2.41\pic\sources\c99\common\awmod.c
		___awmod       		CODE           	439E	0000	176

C:\Program Files\Microchip\xc8\v2.41\pic\sources\c99\common\awmod.c estimated size: 176

MCAL_Layer/ECCP/hal_eccp.c
		_ECCP_ISR      		CODE           	56AE	0000	4

MCAL_Layer/ECCP/hal_eccp.c estimated size: 4

C:\Program Files\Microchip\xc8\v2.41\pic\sources\c99\common\fltol.c
		___fltol       		CODE           	39FA	0000	264

C:\Program Files\Microchip\xc8\v2.41\pic\sources\c99\common\fltol.c estimated size: 264

MCAL_Layer/Timer2/mcal_timer2.c
		_TIMER2_ISR    		CODE           	56BC	0000	2
		_Timer2_Intialization		CODE           	47DC	0000	142

MCAL_Layer/Timer2/mcal_timer2.c estimated size: 144

C:\Program Files\Microchip\xc8\v2.41\pic\sources\c99\common\xxtofl.c
		___xxtofl      		CODE           	2C90	0000	436

C:\Program Files\Microchip\xc8\v2.41\pic\sources\c99\common\xxtofl.c estimated size: 436

MCAL_Layer/Timer0/mcal_timer0.c
		_Timer0_Bit_Mode_Select		CODE           	536A	0000	62
		_Timer0_Prescaler_Config		CODE           	5110	0000	88
		_Timer0_Mode_Select		CODE           	4C1C	0000	126
		_TIMER0_ISR    		CODE           	53A8	0000	60
		_Timer0_Intialization		CODE           	423C	0000	178

MCAL_Layer/Timer0/mcal_timer0.c estimated size: 514

ECU_Layer/Servo_Motor/servo_motor.c
		_servo_motor_intialize		CODE           	42EE	0000	176
		_servo_motor_set_angle		CODE           	2770	0000	832

ECU_Layer/Servo_Motor/servo_motor.c estimated size: 1008

ECU_Layer/seven_segment/ecu_seven_segment.c
		_Segment_Intialize		CODE           	4A98	0000	132
		_Segment_Write_Number		CODE           	4186	0000	182

ECU_Layer/seven_segment/ecu_seven_segment.c estimated size: 314

C:\Program Files\Microchip\xc8\v2.41\pic\sources\c99\common\sprcadd.c
		___fladd       		CODE           	16A4	0000	1216

C:\Program Files\Microchip\xc8\v2.41\pic\sources\c99\common\sprcadd.c estimated size: 1216

MCAL_Layer/SPI/hal_spi.c
		_MSSP_SPI_Msster_Mode_GPIO_PIN_Configurations		CODE           	5520	0000	50
		_MSSP_SPI_Slave_Mode_GPIO_PIN_Configurations		CODE           	5058	0000	92
		_MSSP_SPI_Trancieve		CODE           	51BC	0000	78
		_SPI_Init      		CODE           	2FD2	0000	350

MCAL_Layer/SPI/hal_spi.c estimated size: 570

C:\Program Files\Microchip\xc8\v2.41\pic\sources\c99\common\lwdiv.c
		___lwdiv       		CODE           	4D0E	0000	116

C:\Program Files\Microchip\xc8\v2.41\pic\sources\c99\common\lwdiv.c estimated size: 116

C:\Program Files\Microchip\xc8\v2.41\pic\sources\c99\common\awdiv.c
		___awdiv       		CODE           	3F54	0000	196

C:\Program Files\Microchip\xc8\v2.41\pic\sources\c99\common\awdiv.c estimated size: 196

MCAL_Layer/GPIO/hal_GPIO.c
		_GPIO_Pin_Intialize		CODE           	4FF8	0000	96
		_GPIO_Pin_Toggle_Logic		CODE           	444E	0000	170
		_GPIO_Pin_Direction_Intialize		CODE           	328A	0000	338
		_GPIO_Pin_Write_Logic		CODE           	33DC	0000	326

MCAL_Layer/GPIO/hal_GPIO.c estimated size: 930

MCAL_Layer/I2C/hal_i2c.c
		_MSSP_I2C_ISR  		CODE           	56A6	0000	4
		_MSSP_I2C_BC_ISR		CODE           	56AA	0000	4

MCAL_Layer/I2C/hal_i2c.c estimated size: 8

Application.c
		_main          		CODE           	1016	0000	1678
		_timer0_isr    		CODE           	3E8A	0000	202
		_timer3_isr    		CODE           	541C	0000	52
		_ISR_INT1      		CODE           	569C	0000	6
		_adc_isr       		CODE           	4E60	0000	108
		_intialization 		CODE           	38D8	0000	290

Application.c estimated size: 2336

MCAL_Layer/CCP1/hal_ccp.c
		_CCP1_ISR      		CODE           	56B6	0000	4
		_CCP2_ISR      		CODE           	56B2	0000	4
		_CCP_capture_Mode_Config_		CODE           	37A6	0000	306
		_CCP_PWM_Start 		CODE           	4C9A	0000	116
		_CCP_intialize 		CODE           	3B02	0000	250
		_CCP_PWM_Set_Duty		CODE           	2E44	0000	398
		_CCP_PWM_Config		CODE           	2AB0	0000	480
		_CCP_Compare_Mode_Config_		CODE           	3130	0000	346
		_CCP_Interrupt_Config		CODE           	4DF2	0000	110
		_CCP_Capture_Compare_Timer_Selection		CODE           	4D82	0000	112

MCAL_Layer/CCP1/hal_ccp.c estimated size: 2126

MCAL_Layer/MCAL_ADC/mcal_adc.c
		_ADC_Start_Conversion		CODE           	5552	0000	50
		_ADC_Select_Voltage_Reference		CODE           	5256	0000	74
		_ADC_Get_Conversion_Result		CODE           	3BFC	0000	238
		_ADC_ISR       		CODE           	54EC	0000	52
		_ADC_Intialization		CODE           	3DBC	0000	206
		_ADC_Set_Channel_As_Inbut		CODE           	3CEA	0000	210
		_ADC_Start_Conversion_Interrupt_Mode		CODE           	520A	0000	76
		_ADC_Channel_Selection		CODE           	5168	0000	84
		_ADC_Select_format_status		CODE           	52E6	0000	68

MCAL_Layer/MCAL_ADC/mcal_adc.c estimated size: 1058

MCAL_Layer/Timer3/mcal_timer3.c
		_timer3_init   		CODE           	4018	0000	184
		_Timer3_mode_select		CODE           	52A0	0000	70
		_TIMER3_ISR    		CODE           	53E4	0000	56

MCAL_Layer/Timer3/mcal_timer3.c estimated size: 310

MCAL_Layer/Timer1/mcal_timer1.c
		_TIMER1_ISR    		CODE           	5692	0000	10

MCAL_Layer/Timer1/mcal_timer1.c estimated size: 10

shared
		i2_GPIO_Pin_Write_Logic		CODE           	3522	0000	326
		_Key_Pad_Array 		SMALLCONST     	1001	0000	16
		__initialization		CODE           	474E	0000	132

shared estimated size: 474

MCAL_Layer/Interrupt/mcal_external_interrupt.c
		_Interrupt_INTX_Pin_Intiat		CODE           	532A	0000	64
		_Interrupt_INTX_Edge_Intiat		CODE           	3668	0000	318
		_Interrupt_INTX_Clear_Flag		CODE           	4B9C	0000	128
		_Interrupt_INTX_Enable		CODE           	4986	0000	140
		_EXT_INTX_Intialize		CODE           	44F8	0000	160
		_RB4_ISR       		CODE           	5658	0000	26
		_RB5_ISR       		CODE           	563E	0000	26
		_RB6_ISR       		CODE           	5624	0000	26
		_RB7_ISR       		CODE           	560A	0000	26
		_Interrupt_INTX_Disable		CODE           	4B1C	0000	128
		_Set_INT0_Handler		CODE           	55EA	0000	32
		_Set_INT1_Handler		CODE           	55CA	0000	32
		_Set_INT2_Handler		CODE           	55AA	0000	32
		_Set_INTX_Handler		CODE           	40D0	0000	182
		_INT0_ISR      		CODE           	54B8	0000	52
		_INT1_ISR      		CODE           	5484	0000	52
		_INT2_ISR      		CODE           	5450	0000	52

MCAL_Layer/Interrupt/mcal_external_interrupt.c estimated size: 1476

MCAL_Layer/Interrupt/mcal_interrupt_manager.c
		_InterruptManagerHigh		CODE           	0008	0000	1100

MCAL_Layer/Interrupt/mcal_interrupt_manager.c estimated size: 1100

MCAL_Layer/USART/hal_usart.c
		_USART_RX_ISR  		CODE           	56BA	0000	2
		_USART_TX_ISR  		CODE           	56A2	0000	4

MCAL_Layer/USART/hal_usart.c estimated size: 6

C:\Program Files\Microchip\xc8\v2.41\pic\sources\c99\common\Umul16.c
		___wmul        		CODE           	5584	0000	38

C:\Program Files\Microchip\xc8\v2.41\pic\sources\c99\common\Umul16.c estimated size: 38

ECU_Layer/LED/ecu_Led.c
		_Led_Toggle    		CODE           	48F8	0000	142
		_Led_Turn_On   		CODE           	462A	0000	146
		_Led_Turn_Off  		CODE           	46BC	0000	146
		_Led_Intialize 		CODE           	486A	0000	142

ECU_Layer/LED/ecu_Led.c estimated size: 576

ECU_Layer/ecu_intialize.c
		_ecu_intialize 		CODE           	4598	0000	146

ECU_Layer/ecu_intialize.c estimated size: 146

C:\Program Files\Microchip\xc8\v2.41\pic\sources\c99\common\sprcmul.c
		___flmul       		CODE           	1FAA	0000	1068

C:\Program Files\Microchip\xc8\v2.41\pic\sources\c99\common\sprcmul.c estimated size: 1068

ECU_Layer/dc_motor/ecu_dc_motor.c
		_Dc_Motor_Stop 		CODE           	4F94	0000	100
		_Dc_Motor_Turn_Right		CODE           	4ECC	0000	100
		_Dc_Motor_Intialize		CODE           	50B4	0000	92
		_Dc_Motor_Turn_Left		CODE           	4F30	0000	100

ECU_Layer/dc_motor/ecu_dc_motor.c estimated size: 392

C:\Program Files\Microchip\xc8\v2.41\pic\sources\c99\common\sprcdiv.c
		___fldiv       		CODE           	23D6	0000	922

C:\Program Files\Microchip\xc8\v2.41\pic\sources\c99\common\sprcdiv.c estimated size: 922

